#
# There is insufficient memory for the Java Runtime Environment to continue.
# Native memory allocation (mmap) failed to map 17825792 bytes. Error detail: G1 virtual space
# Possible reasons:
#   The system is out of physical RAM or swap space
#   This process is running with CompressedOops enabled, and the Java Heap may be blocking the growth of the native heap
# Possible solutions:
#   Reduce memory load on the system
#   Increase physical memory or swap space
#   Check if swap backing store is full
#   Decrease Java heap size (-Xmx/-Xms)
#   Decrease number of Java threads
#   Decrease Java thread stack sizes (-Xss)
#   Set larger code cache with -XX:ReservedCodeCacheSize=
#   JVM is running with Unscaled Compressed Oops mode in which the Java heap is
#     placed in the first 4GB address space. The Java Heap base address is the
#     maximum limit for the native heap growth. Please use -XX:HeapBaseMinAddress
#     to set the Java Heap base and to place the Java Heap above 4GB virtual address.
# This output file may be truncated or incomplete.
#
#  Out of Memory Error (os_windows.cpp:3925), pid=11936, tid=16696
#
# JRE version: OpenJDK Runtime Environment (21.0.8) (build 21.0.8+-14018985-b1038.68)
# Java VM: OpenJDK 64-Bit Server VM (21.0.8+-14018985-b1038.68, mixed mode, tiered, compressed oops, compressed class ptrs, g1 gc, windows-amd64)
# No core dump will be written. Minidumps are not enabled by default on client versions of Windows
#

---------------  S U M M A R Y ------------

Command Line: --add-opens=java.base/java.lang=ALL-UNNAMED --add-opens=java.base/java.lang.invoke=ALL-UNNAMED --add-opens=java.base/java.util=ALL-UNNAMED --add-opens=java.prefs/java.util.prefs=ALL-UNNAMED --add-exports=jdk.compiler/com.sun.tools.javac.api=ALL-UNNAMED --add-exports=jdk.compiler/com.sun.tools.javac.util=ALL-UNNAMED --add-opens=java.base/java.util=ALL-UNNAMED --add-opens=java.prefs/java.util.prefs=ALL-UNNAMED --add-opens=java.base/java.nio.charset=ALL-UNNAMED --add-opens=java.base/java.net=ALL-UNNAMED --add-opens=java.base/java.util.concurrent.atomic=ALL-UNNAMED --add-opens=java.xml/javax.xml.namespace=ALL-UNNAMED -Xmx2048m -Dfile.encoding=UTF-8 -Duser.country=GB -Duser.language=en -Duser.variant -javaagent:C:\Users\K21SW023\.gradle\wrapper\dists\gradle-8.13-bin\5xuhj0ry160q40clulazy9h7d\gradle-8.13\lib\agents\gradle-instrumentation-agent-8.13.jar org.gradle.launcher.daemon.bootstrap.GradleDaemon 8.13

Host: Intel(R) Core(TM) i5-6300U CPU @ 2.40GHz, 4 cores, 7G,  Windows 11 , 64 bit Build 26100 (10.0.26100.7705)
Time: Fri Feb 20 21:02:25 2026 Pakistan Standard Time elapsed time: 51.222223 seconds (0d 0h 0m 51s)

---------------  T H R E A D  ---------------

Current thread (0x00000187aa124800):  VMThread "VM Thread"          [id=16696, stack(0x0000006567600000,0x0000006567700000) (1024K)]

Stack: [0x0000006567600000,0x0000006567700000]
Native frames: (J=compiled Java code, j=interpreted, Vv=VM code, C=native code)
V  [jvm.dll+0x6d68d9]
V  [jvm.dll+0x866693]
V  [jvm.dll+0x868c4e]
V  [jvm.dll+0x869333]
V  [jvm.dll+0x280566]
V  [jvm.dll+0x6d3195]
V  [jvm.dll+0x6c69ea]
V  [jvm.dll+0x3586db]
V  [jvm.dll+0x360336]
V  [jvm.dll+0x3b23f6]
V  [jvm.dll+0x3b26c8]
V  [jvm.dll+0x32ae6c]
V  [jvm.dll+0x32d806]
V  [jvm.dll+0x3376dd]
V  [jvm.dll+0x36ee15]
V  [jvm.dll+0x86f0b8]
V  [jvm.dll+0x870434]
V  [jvm.dll+0x870970]
V  [jvm.dll+0x870c03]
V  [jvm.dll+0x80eac8]
V  [jvm.dll+0x6d512d]
C  [ucrtbase.dll+0x37b0]
C  [KERNEL32.DLL+0x2e8d7]
C  [ntdll.dll+0x8c40c]

VM_Operation (0x00000065671ff570): G1PauseRemark, mode: safepoint, requested by thread 0x0000018793364b60


---------------  P R O C E S S  ---------------

Threads class SMR info:
_java_thread_list=0x00000187b2097a80, length=46, elements={
0x0000018791094e30, 0x00000187aa2f5910, 0x00000187aa316080, 0x00000187aa2fa7d0,
0x00000187aa33c2d0, 0x00000187aa324c20, 0x00000187aa326990, 0x00000187aa327f60,
0x00000187aa32a000, 0x00000187aa3441f0, 0x00000187aa623560, 0x00000187b0013600,
0x00000187aa323430, 0x00000187af46f7d0, 0x00000187b00af2c0, 0x00000187af4f75a0,
0x00000187b02b9ef0, 0x00000187aa7fdb10, 0x00000187af4f6990, 0x00000187af4f55e0,
0x00000187af4f6300, 0x00000187af4f5c70, 0x00000187b01c3480, 0x00000187b01c3b10,
0x00000187b01c20d0, 0x00000187b01c41a0, 0x00000187b01c5be0, 0x00000187b01c4830,
0x00000187b01c2df0, 0x00000187b01c5550, 0x00000187b01c2760, 0x00000187b01c7620,
0x00000187b01c96f0, 0x00000187b01c6270, 0x00000187b01c7cb0, 0x00000187b01c6f90,
0x00000187b01c89d0, 0x00000187b312d9e0, 0x00000187b312d350, 0x00000187b312ed90,
0x00000187b312c630, 0x00000187b312e070, 0x00000187b312ccc0, 0x00000187b3ae1ce0,
0x00000187b3ae0fc0, 0x00000187b3ade860
}

Java Threads: ( => current thread )
  0x0000018791094e30 JavaThread "main"                              [_thread_blocked, id=4328, stack(0x0000006566f00000,0x0000006567000000) (1024K)]
  0x00000187aa2f5910 JavaThread "Common-Cleaner"             daemon [_thread_blocked, id=5048, stack(0x0000006567700000,0x0000006567800000) (1024K)]
  0x00000187aa316080 JavaThread "Reference Handler"          daemon [_thread_blocked, id=12052, stack(0x0000006567800000,0x0000006567900000) (1024K)]
  0x00000187aa2fa7d0 JavaThread "Finalizer"                  daemon [_thread_blocked, id=18848, stack(0x0000006567900000,0x0000006567a00000) (1024K)]
  0x00000187aa33c2d0 JavaThread "Signal Dispatcher"          daemon [_thread_blocked, id=4316, stack(0x0000006567a00000,0x0000006567b00000) (1024K)]
  0x00000187aa324c20 JavaThread "Attach Listener"            daemon [_thread_blocked, id=18324, stack(0x0000006567b00000,0x0000006567c00000) (1024K)]
  0x00000187aa326990 JavaThread "Service Thread"             daemon [_thread_blocked, id=3632, stack(0x0000006567c00000,0x0000006567d00000) (1024K)]
  0x00000187aa327f60 JavaThread "Monitor Deflation Thread"   daemon [_thread_blocked, id=6868, stack(0x0000006567d00000,0x0000006567e00000) (1024K)]
  0x00000187aa32a000 JavaThread "C2 CompilerThread0"         daemon [_thread_blocked, id=7132, stack(0x0000006567e00000,0x0000006567f00000) (1024K)]
  0x00000187aa3441f0 JavaThread "C1 CompilerThread0"         daemon [_thread_blocked, id=22000, stack(0x0000006567f00000,0x0000006568000000) (1024K)]
  0x00000187aa623560 JavaThread "Notification Thread"        daemon [_thread_blocked, id=16924, stack(0x0000006568000000,0x0000006568100000) (1024K)]
  0x00000187b0013600 JavaThread "Daemon health stats"               [_thread_blocked, id=18092, stack(0x0000006568400000,0x0000006568500000) (1024K)]
  0x00000187aa323430 JavaThread "Incoming local TCP Connector on port 51775"        [_thread_in_native, id=20888, stack(0x0000006568500000,0x0000006568600000) (1024K)]
  0x00000187af46f7d0 JavaThread "Daemon periodic checks"            [_thread_blocked, id=11988, stack(0x0000006568600000,0x0000006568700000) (1024K)]
  0x00000187b00af2c0 JavaThread "Daemon"                            [_thread_blocked, id=18124, stack(0x0000006568700000,0x0000006568800000) (1024K)]
  0x00000187af4f75a0 JavaThread "Handler for socket connection from /127.0.0.1:51775 to /127.0.0.1:51776"        [_thread_in_native, id=12152, stack(0x0000006568800000,0x0000006568900000) (1024K)]
  0x00000187b02b9ef0 JavaThread "Cancel handler"                    [_thread_blocked, id=17432, stack(0x0000006568900000,0x0000006568a00000) (1024K)]
  0x00000187aa7fdb10 JavaThread "Daemon worker"                     [_thread_blocked, id=17820, stack(0x0000006568a00000,0x0000006568b00000) (1024K)]
  0x00000187af4f6990 JavaThread "Asynchronous log dispatcher for DefaultDaemonConnection: socket connection from /127.0.0.1:51775 to /127.0.0.1:51776"        [_thread_blocked, id=7284, stack(0x0000006568b00000,0x0000006568c00000) (1024K)]
  0x00000187af4f55e0 JavaThread "Stdin handler"                     [_thread_blocked, id=21776, stack(0x0000006568c00000,0x0000006568d00000) (1024K)]
  0x00000187af4f6300 JavaThread "Daemon client event forwarder"        [_thread_blocked, id=14424, stack(0x0000006568d00000,0x0000006568e00000) (1024K)]
  0x00000187af4f5c70 JavaThread "Cache worker for journal cache (C:\Users\K21SW023\.gradle\caches\journal-1)"        [_thread_blocked, id=11732, stack(0x0000006568e00000,0x0000006568f00000) (1024K)]
  0x00000187b01c3480 JavaThread "File lock request listener"        [_thread_in_native, id=12692, stack(0x0000006568f00000,0x0000006569000000) (1024K)]
  0x00000187b01c3b10 JavaThread "Cache worker for file hash cache (C:\Users\K21SW023\.gradle\caches\8.13\fileHashes)"        [_thread_blocked, id=19624, stack(0x0000006569100000,0x0000006569200000) (1024K)]
  0x00000187b01c20d0 JavaThread "Cache worker for file hash cache (D:\Scanimal\.gradle\8.13\fileHashes)"        [_thread_blocked, id=7928, stack(0x0000006569000000,0x0000006569100000) (1024K)]
  0x00000187b01c41a0 JavaThread "Cache worker for Build Output Cleanup Cache (D:\Scanimal\.gradle\buildOutputCleanup)"        [_thread_blocked, id=17544, stack(0x0000006569200000,0x0000006569300000) (1024K)]
  0x00000187b01c5be0 JavaThread "File watcher server"        daemon [_thread_in_native, id=17824, stack(0x0000006569300000,0x0000006569400000) (1024K)]
  0x00000187b01c4830 JavaThread "File watcher consumer"      daemon [_thread_blocked, id=16652, stack(0x0000006569400000,0x0000006569500000) (1024K)]
  0x00000187b01c2df0 JavaThread "jar transforms"                    [_thread_blocked, id=15176, stack(0x0000006569600000,0x0000006569700000) (1024K)]
  0x00000187b01c5550 JavaThread "jar transforms Thread 2"           [_thread_blocked, id=14564, stack(0x0000006569700000,0x0000006569800000) (1024K)]
  0x00000187b01c2760 JavaThread "jar transforms Thread 3"           [_thread_blocked, id=5872, stack(0x0000006569800000,0x0000006569900000) (1024K)]
  0x00000187b01c7620 JavaThread "jar transforms Thread 4"           [_thread_blocked, id=12560, stack(0x0000006569900000,0x0000006569a00000) (1024K)]
  0x00000187b01c96f0 JavaThread "Cache worker for checksums cache (D:\Scanimal\.gradle\8.13\checksums)"        [_thread_blocked, id=17208, stack(0x0000006569a00000,0x0000006569b00000) (1024K)]
  0x00000187b01c6270 JavaThread "Cache worker for file content cache (C:\Users\K21SW023\.gradle\caches\8.13\fileContent)"        [_thread_blocked, id=22388, stack(0x0000006569b00000,0x0000006569c00000) (1024K)]
  0x00000187b01c7cb0 JavaThread "Cache worker for cache directory md-supplier (C:\Users\K21SW023\.gradle\caches\8.13\md-supplier)"        [_thread_blocked, id=8624, stack(0x0000006569c00000,0x0000006569d00000) (1024K)]
  0x00000187b01c6f90 JavaThread "Cache worker for cache directory md-rule (C:\Users\K21SW023\.gradle\caches\8.13\md-rule)"        [_thread_blocked, id=17596, stack(0x0000006569500000,0x0000006569600000) (1024K)]
  0x00000187b01c89d0 JavaThread "Unconstrained build operations"        [_thread_blocked, id=5536, stack(0x0000006569d00000,0x0000006569e00000) (1024K)]
  0x00000187b312d9e0 JavaThread "Unconstrained build operations Thread 2"        [_thread_blocked, id=19420, stack(0x0000006569e00000,0x0000006569f00000) (1024K)]
  0x00000187b312d350 JavaThread "Unconstrained build operations Thread 3"        [_thread_blocked, id=15948, stack(0x0000006569f00000,0x000000656a000000) (1024K)]
  0x00000187b312ed90 JavaThread "Unconstrained build operations Thread 4"        [_thread_blocked, id=21880, stack(0x000000656a000000,0x000000656a100000) (1024K)]
  0x00000187b312c630 JavaThread "Unconstrained build operations Thread 5"        [_thread_blocked, id=6124, stack(0x000000656a200000,0x000000656a300000) (1024K)]
  0x00000187b312e070 JavaThread "Unconstrained build operations Thread 6"        [_thread_blocked, id=11524, stack(0x000000656a300000,0x000000656a400000) (1024K)]
  0x00000187b312ccc0 JavaThread "Unconstrained build operations Thread 7"        [_thread_blocked, id=19648, stack(0x000000656a400000,0x000000656a500000) (1024K)]
  0x00000187b3ae1ce0 JavaThread "Unconstrained build operations Thread 8"        [_thread_blocked, id=16184, stack(0x000000656a500000,0x000000656a600000) (1024K)]
  0x00000187b3ae0fc0 JavaThread "Unconstrained build operations Thread 9"        [_thread_blocked, id=17416, stack(0x000000656a600000,0x000000656a700000) (1024K)]
  0x00000187b3ade860 JavaThread "Unconstrained build operations Thread 10"        [_thread_blocked, id=17152, stack(0x000000656a700000,0x000000656a800000) (1024K)]
Total: 46

Other Threads:
=>0x00000187aa124800 VMThread "VM Thread"                           [id=16696, stack(0x0000006567600000,0x0000006567700000) (1024K)]
  0x00000187aa0e0aa0 WatcherThread "VM Periodic Task Thread"        [id=18764, stack(0x0000006567500000,0x0000006567600000) (1024K)]
  0x0000018793353c70 WorkerThread "GC Thread#0"                     [id=7248, stack(0x0000006567000000,0x0000006567100000) (1024K)]
  0x00000187aa637d70 WorkerThread "GC Thread#1"                     [id=8460, stack(0x0000006568100000,0x0000006568200000) (1024K)]
  0x00000187aa638110 WorkerThread "GC Thread#2"                     [id=17164, stack(0x0000006568200000,0x0000006568300000) (1024K)]
  0x00000187af4764a0 WorkerThread "GC Thread#3"                     [id=11016, stack(0x0000006568300000,0x0000006568400000) (1024K)]
  0x0000018793364b60 ConcurrentGCThread "G1 Main Marker"            [id=16904, stack(0x0000006567100000,0x0000006567200000) (1024K)]
  0x00000187933663b0 WorkerThread "G1 Conc#0"                       [id=11228, stack(0x0000006567200000,0x0000006567300000) (1024K)]
  0x00000187933be690 ConcurrentGCThread "G1 Refine#0"               [id=19480, stack(0x0000006567300000,0x0000006567400000) (1024K)]
  0x00000187a9fb0290 ConcurrentGCThread "G1 Service"                [id=13576, stack(0x0000006567400000,0x0000006567500000) (1024K)]
Total: 10

Threads with active compile tasks:
C1 CompilerThread0  51339 7967       3       org.tomlj.internal.TomlParser$KeyContext::accept (26 bytes)
Total: 1

VM state: at safepoint (normal execution)

VM Mutex/Monitor currently owned by a thread:  ([mutex/lock_event])
[0x00007ffbc83985b8] Threads_lock - owner thread: 0x00000187aa124800
[0x00007ffbc83986b8] Heap_lock - owner thread: 0x0000018793364b60

Heap address: 0x0000000080000000, size: 2048 MB, Compressed Oops mode: 32-bit

CDS archive(s) not mapped
Compressed class space mapped at: 0x0000000100000000-0x0000000140000000, reserved size: 1073741824
Narrow klass base: 0x0000000000000000, Narrow klass shift: 3, Narrow klass range: 0x140000000

GC Precious Log:
 CardTable entry size: 512
 Card Set container configuration: InlinePtr #cards 5 size 8 Array Of Cards #cards 12 size 40 Howl #buckets 4 coarsen threshold 1843 Howl Bitmap #cards 512 size 80 coarsen threshold 460 Card regions per heap region 1 cards per card region 2048
 CPUs: 4 total, 4 available
 Memory: 8053M
 Large Page Support: Disabled
 NUMA Support: Disabled
 Compressed Oops: Enabled (32-bit)
 Heap Region Size: 1M
 Heap Min Capacity: 8M
 Heap Initial Capacity: 126M
 Heap Max Capacity: 2G
 Pre-touch: Disabled
 Parallel Workers: 4
 Concurrent Workers: 1
 Concurrent Refinement Workers: 4
 Periodic GC: Disabled

Heap:
 garbage-first heap   total 163840K, used 107828K [0x0000000080000000, 0x0000000100000000)
  region size 1024K, 6 young (6144K), 5 survivors (5120K)
 Metaspace       used 74879K, committed 76608K, reserved 1114112K
  class space    used 10484K, committed 11328K, reserved 1048576K

Heap Regions: E=young(eden), S=young(survivor), O=old, HS=humongous(starts), HC=humongous(continues), CS=collection set, F=free, TAMS=top-at-mark-start, PB=parsable bottom
|   0|0x0000000080000000, 0x0000000080100000, 0x0000000080100000|100%|HS|  |TAMS 0x0000000080100000| PB 0x0000000080000000| Complete 
|   1|0x0000000080100000, 0x0000000080200000, 0x0000000080200000|100%|HC|  |TAMS 0x0000000080200000| PB 0x0000000080100000| Complete 
|   2|0x0000000080200000, 0x0000000080300000, 0x0000000080300000|100%|HC|  |TAMS 0x0000000080300000| PB 0x0000000080200000| Complete 
|   3|0x0000000080300000, 0x0000000080400000, 0x0000000080400000|100%| O|  |TAMS 0x0000000080400000| PB 0x0000000080400000| Untracked 
|   4|0x0000000080400000, 0x0000000080500000, 0x0000000080500000|100%| O|  |TAMS 0x0000000080500000| PB 0x0000000080500000| Untracked 
|   5|0x0000000080500000, 0x0000000080600000, 0x0000000080600000|100%| O|  |TAMS 0x0000000080600000| PB 0x0000000080600000| Untracked 
|   6|0x0000000080600000, 0x0000000080700000, 0x0000000080700000|100%| O|  |TAMS 0x0000000080700000| PB 0x0000000080700000| Untracked 
|   7|0x0000000080700000, 0x0000000080800000, 0x0000000080800000|100%|HS|  |TAMS 0x0000000080800000| PB 0x0000000080700000| Complete 
|   8|0x0000000080800000, 0x0000000080900000, 0x0000000080900000|100%| O|  |TAMS 0x0000000080900000| PB 0x0000000080900000| Untracked 
|   9|0x0000000080900000, 0x0000000080a00000, 0x0000000080a00000|100%| O|  |TAMS 0x0000000080a00000| PB 0x0000000080a00000| Untracked 
|  10|0x0000000080a00000, 0x0000000080b00000, 0x0000000080b00000|100%| O|  |TAMS 0x0000000080b00000| PB 0x0000000080b00000| Untracked 
|  11|0x0000000080b00000, 0x0000000080c00000, 0x0000000080c00000|100%| O|  |TAMS 0x0000000080c00000| PB 0x0000000080c00000| Untracked 
|  12|0x0000000080c00000, 0x0000000080d00000, 0x0000000080d00000|100%| O|  |TAMS 0x0000000080d00000| PB 0x0000000080d00000| Updating 
|  13|0x0000000080d00000, 0x0000000080e00000, 0x0000000080e00000|100%| O|  |TAMS 0x0000000080e00000| PB 0x0000000080e00000| Untracked 
|  14|0x0000000080e00000, 0x0000000080f00000, 0x0000000080f00000|100%| O|  |TAMS 0x0000000080f00000| PB 0x0000000080f00000| Untracked 
|  15|0x0000000080f00000, 0x0000000081000000, 0x0000000081000000|100%| O|  |TAMS 0x0000000081000000| PB 0x0000000081000000| Untracked 
|  16|0x0000000081000000, 0x0000000081100000, 0x0000000081100000|100%| O|  |TAMS 0x0000000081100000| PB 0x0000000081100000| Untracked 
|  17|0x0000000081100000, 0x0000000081200000, 0x0000000081200000|100%| O|  |TAMS 0x0000000081200000| PB 0x0000000081200000| Untracked 
|  18|0x0000000081200000, 0x0000000081300000, 0x0000000081300000|100%| O|  |TAMS 0x0000000081300000| PB 0x0000000081300000| Untracked 
|  19|0x0000000081300000, 0x0000000081400000, 0x0000000081400000|100%| O|  |TAMS 0x0000000081400000| PB 0x0000000081400000| Untracked 
|  20|0x0000000081400000, 0x0000000081500000, 0x0000000081500000|100%| O|  |TAMS 0x0000000081500000| PB 0x0000000081500000| Untracked 
|  21|0x0000000081500000, 0x0000000081600000, 0x0000000081600000|100%| O|  |TAMS 0x0000000081600000| PB 0x0000000081600000| Untracked 
|  22|0x0000000081600000, 0x0000000081700000, 0x0000000081700000|100%| O|  |TAMS 0x0000000081700000| PB 0x0000000081700000| Untracked 
|  23|0x0000000081700000, 0x0000000081800000, 0x0000000081800000|100%| O|  |TAMS 0x0000000081800000| PB 0x0000000081800000| Untracked 
|  24|0x0000000081800000, 0x0000000081900000, 0x0000000081900000|100%|HS|  |TAMS 0x0000000081900000| PB 0x0000000081800000| Complete 
|  25|0x0000000081900000, 0x0000000081a00000, 0x0000000081a00000|100%|HC|  |TAMS 0x0000000081a00000| PB 0x0000000081900000| Complete 
|  26|0x0000000081a00000, 0x0000000081b00000, 0x0000000081b00000|100%|HC|  |TAMS 0x0000000081b00000| PB 0x0000000081a00000| Complete 
|  27|0x0000000081b00000, 0x0000000081c00000, 0x0000000081c00000|100%|HC|  |TAMS 0x0000000081c00000| PB 0x0000000081b00000| Complete 
|  28|0x0000000081c00000, 0x0000000081d00000, 0x0000000081d00000|100%|HC|  |TAMS 0x0000000081d00000| PB 0x0000000081c00000| Complete 
|  29|0x0000000081d00000, 0x0000000081e00000, 0x0000000081e00000|100%|HC|  |TAMS 0x0000000081e00000| PB 0x0000000081d00000| Complete 
|  30|0x0000000081e00000, 0x0000000081f00000, 0x0000000081f00000|100%|HS|  |TAMS 0x0000000081f00000| PB 0x0000000081e00000| Complete 
|  31|0x0000000081f00000, 0x0000000082000000, 0x0000000082000000|100%|HS|  |TAMS 0x0000000082000000| PB 0x0000000081f00000| Complete 
|  32|0x0000000082000000, 0x0000000082100000, 0x0000000082100000|100%|HC|  |TAMS 0x0000000082100000| PB 0x0000000082000000| Complete 
|  33|0x0000000082100000, 0x0000000082200000, 0x0000000082200000|100%|HC|  |TAMS 0x0000000082200000| PB 0x0000000082100000| Complete 
|  34|0x0000000082200000, 0x0000000082300000, 0x0000000082300000|100%|HC|  |TAMS 0x0000000082300000| PB 0x0000000082200000| Complete 
|  35|0x0000000082300000, 0x0000000082400000, 0x0000000082400000|100%|HS|  |TAMS 0x0000000082400000| PB 0x0000000082300000| Complete 
|  36|0x0000000082400000, 0x0000000082500000, 0x0000000082500000|100%|HC|  |TAMS 0x0000000082500000| PB 0x0000000082400000| Complete 
|  37|0x0000000082500000, 0x0000000082600000, 0x0000000082600000|100%|HS|  |TAMS 0x0000000082600000| PB 0x0000000082500000| Complete 
|  38|0x0000000082600000, 0x0000000082700000, 0x0000000082700000|100%|HS|  |TAMS 0x0000000082700000| PB 0x0000000082600000| Complete 
|  39|0x0000000082700000, 0x0000000082800000, 0x0000000082800000|100%|HC|  |TAMS 0x0000000082800000| PB 0x0000000082700000| Complete 
|  40|0x0000000082800000, 0x0000000082900000, 0x0000000082900000|100%|HC|  |TAMS 0x0000000082900000| PB 0x0000000082800000| Complete 
|  41|0x0000000082900000, 0x0000000082a00000, 0x0000000082a00000|100%|HC|  |TAMS 0x0000000082a00000| PB 0x0000000082900000| Complete 
|  42|0x0000000082a00000, 0x0000000082b00000, 0x0000000082b00000|100%|HC|  |TAMS 0x0000000082b00000| PB 0x0000000082a00000| Complete 
|  43|0x0000000082b00000, 0x0000000082c00000, 0x0000000082c00000|100%|HC|  |TAMS 0x0000000082c00000| PB 0x0000000082b00000| Complete 
|  44|0x0000000082c00000, 0x0000000082d00000, 0x0000000082d00000|100%|HS|  |TAMS 0x0000000082d00000| PB 0x0000000082c00000| Complete 
|  45|0x0000000082d00000, 0x0000000082e00000, 0x0000000082e00000|100%|HS|  |TAMS 0x0000000082e00000| PB 0x0000000082d00000| Complete 
|  46|0x0000000082e00000, 0x0000000082f00000, 0x0000000082f00000|100%|HC|  |TAMS 0x0000000082f00000| PB 0x0000000082e00000| Complete 
|  47|0x0000000082f00000, 0x0000000083000000, 0x0000000083000000|100%|HC|  |TAMS 0x0000000083000000| PB 0x0000000082f00000| Complete 
|  48|0x0000000083000000, 0x0000000083100000, 0x0000000083100000|100%|HC|  |TAMS 0x0000000083100000| PB 0x0000000083000000| Complete 
|  49|0x0000000083100000, 0x0000000083200000, 0x0000000083200000|100%|HS|  |TAMS 0x0000000083200000| PB 0x0000000083100000| Complete 
|  50|0x0000000083200000, 0x0000000083300000, 0x0000000083300000|100%|HC|  |TAMS 0x0000000083300000| PB 0x0000000083200000| Complete 
|  51|0x0000000083300000, 0x0000000083400000, 0x0000000083400000|100%| O|  |TAMS 0x0000000083400000| PB 0x0000000083400000| Untracked 
|  52|0x0000000083400000, 0x0000000083500000, 0x0000000083500000|100%| O|  |TAMS 0x0000000083500000| PB 0x0000000083500000| Untracked 
|  53|0x0000000083500000, 0x0000000083600000, 0x0000000083600000|100%| O|  |TAMS 0x0000000083600000| PB 0x0000000083600000| Untracked 
|  54|0x0000000083600000, 0x0000000083700000, 0x0000000083700000|100%| O|  |TAMS 0x0000000083700000| PB 0x0000000083700000| Untracked 
|  55|0x0000000083700000, 0x0000000083800000, 0x0000000083800000|100%| O|  |TAMS 0x0000000083800000| PB 0x0000000083800000| Updating 
|  56|0x0000000083800000, 0x0000000083900000, 0x0000000083900000|100%| O|  |TAMS 0x0000000083900000| PB 0x0000000083900000| Untracked 
|  57|0x0000000083900000, 0x0000000083a00000, 0x0000000083a00000|100%| O|  |TAMS 0x0000000083a00000| PB 0x0000000083a00000| Updating 
|  58|0x0000000083a00000, 0x0000000083b00000, 0x0000000083b00000|100%| O|  |TAMS 0x0000000083b00000| PB 0x0000000083b00000| Untracked 
|  59|0x0000000083b00000, 0x0000000083c00000, 0x0000000083c00000|100%| O|  |TAMS 0x0000000083c00000| PB 0x0000000083c00000| Updating 
|  60|0x0000000083c00000, 0x0000000083d00000, 0x0000000083d00000|100%| O|  |TAMS 0x0000000083d00000| PB 0x0000000083d00000| Updating 
|  61|0x0000000083d00000, 0x0000000083e00000, 0x0000000083e00000|100%| O|  |TAMS 0x0000000083e00000| PB 0x0000000083e00000| Untracked 
|  62|0x0000000083e00000, 0x0000000083f00000, 0x0000000083f00000|100%| O|  |TAMS 0x0000000083f00000| PB 0x0000000083f00000| Untracked 
|  63|0x0000000083f00000, 0x0000000084000000, 0x0000000084000000|100%| O|  |TAMS 0x0000000084000000| PB 0x0000000084000000| Untracked 
|  64|0x0000000084000000, 0x0000000084100000, 0x0000000084100000|100%| O|  |TAMS 0x0000000084100000| PB 0x0000000084100000| Updating 
|  65|0x0000000084100000, 0x0000000084200000, 0x0000000084200000|100%| O|  |TAMS 0x0000000084200000| PB 0x0000000084200000| Untracked 
|  66|0x0000000084200000, 0x0000000084300000, 0x0000000084300000|100%|HS|  |TAMS 0x0000000084300000| PB 0x0000000084200000| Complete 
|  67|0x0000000084300000, 0x0000000084400000, 0x0000000084400000|100%|HS|  |TAMS 0x0000000084400000| PB 0x0000000084300000| Complete 
|  68|0x0000000084400000, 0x0000000084500000, 0x0000000084500000|100%|HC|  |TAMS 0x0000000084500000| PB 0x0000000084400000| Complete 
|  69|0x0000000084500000, 0x0000000084600000, 0x0000000084600000|100%| O|  |TAMS 0x0000000084600000| PB 0x0000000084600000| Updating 
|  70|0x0000000084600000, 0x0000000084700000, 0x0000000084700000|100%| O|  |TAMS 0x0000000084600000| PB 0x0000000084600000| Untracked 
|  71|0x0000000084700000, 0x0000000084800000, 0x0000000084800000|100%| O|  |TAMS 0x0000000084800000| PB 0x0000000084800000| Updating 
|  72|0x0000000084800000, 0x0000000084900000, 0x0000000084900000|100%| O|  |TAMS 0x0000000084900000| PB 0x0000000084900000| Untracked 
|  73|0x0000000084900000, 0x0000000084a00000, 0x0000000084a00000|100%| O|  |TAMS 0x0000000084a00000| PB 0x0000000084a00000| Updating 
|  74|0x0000000084a00000, 0x0000000084b00000, 0x0000000084b00000|100%|HS|  |TAMS 0x0000000084b00000| PB 0x0000000084a00000| Complete 
|  75|0x0000000084b00000, 0x0000000084c00000, 0x0000000084c00000|100%|HC|  |TAMS 0x0000000084c00000| PB 0x0000000084b00000| Complete 
|  76|0x0000000084c00000, 0x0000000084d00000, 0x0000000084d00000|100%|HC|  |TAMS 0x0000000084d00000| PB 0x0000000084c00000| Complete 
|  77|0x0000000084d00000, 0x0000000084e00000, 0x0000000084e00000|100%|HC|  |TAMS 0x0000000084e00000| PB 0x0000000084d00000| Complete 
|  78|0x0000000084e00000, 0x0000000084f00000, 0x0000000084f00000|100%|HC|  |TAMS 0x0000000084f00000| PB 0x0000000084e00000| Complete 
|  79|0x0000000084f00000, 0x0000000085000000, 0x0000000085000000|100%|HC|  |TAMS 0x0000000085000000| PB 0x0000000084f00000| Complete 
|  80|0x0000000085000000, 0x0000000085100000, 0x0000000085100000|100%|HS|  |TAMS 0x0000000085100000| PB 0x0000000085000000| Complete 
|  81|0x0000000085100000, 0x0000000085200000, 0x0000000085200000|100%| O|  |TAMS 0x0000000085200000| PB 0x0000000085200000| Updating 
|  82|0x0000000085200000, 0x0000000085300000, 0x0000000085300000|100%|HS|  |TAMS 0x0000000085300000| PB 0x0000000085200000| Complete 
|  83|0x0000000085300000, 0x00000000853cd370, 0x0000000085400000| 80%| O|  |TAMS 0x0000000085300000| PB 0x0000000085300000| Updating 
|  84|0x0000000085400000, 0x0000000085400000, 0x0000000085500000|  0%| F|  |TAMS 0x0000000085400000| PB 0x0000000085400000| Untracked 
|  85|0x0000000085500000, 0x0000000085500000, 0x0000000085600000|  0%| F|  |TAMS 0x0000000085500000| PB 0x0000000085500000| Untracked 
|  86|0x0000000085600000, 0x0000000085700000, 0x0000000085700000|100%| O|  |TAMS 0x0000000085700000| PB 0x0000000085700000| Updating 
|  87|0x0000000085700000, 0x0000000085800000, 0x0000000085800000|100%| O|  |TAMS 0x0000000085800000| PB 0x0000000085800000| Updating 
|  88|0x0000000085800000, 0x0000000085900000, 0x0000000085900000|100%| O|  |TAMS 0x0000000085900000| PB 0x0000000085900000| Updating 
|  89|0x0000000085900000, 0x0000000085a00000, 0x0000000085a00000|100%| O|  |TAMS 0x0000000085a00000| PB 0x0000000085a00000| Updating 
|  90|0x0000000085a00000, 0x0000000085b00000, 0x0000000085b00000|100%| O|  |TAMS 0x0000000085b00000| PB 0x0000000085b00000| Updating 
|  91|0x0000000085b00000, 0x0000000085c00000, 0x0000000085c00000|100%|HS|  |TAMS 0x0000000085c00000| PB 0x0000000085b00000| Complete 
|  92|0x0000000085c00000, 0x0000000085d00000, 0x0000000085d00000|100%|HC|  |TAMS 0x0000000085d00000| PB 0x0000000085c00000| Complete 
|  93|0x0000000085d00000, 0x0000000085e00000, 0x0000000085e00000|100%|HC|  |TAMS 0x0000000085e00000| PB 0x0000000085d00000| Complete 
|  94|0x0000000085e00000, 0x0000000085f00000, 0x0000000085f00000|100%|HC|  |TAMS 0x0000000085f00000| PB 0x0000000085e00000| Complete 
|  95|0x0000000085f00000, 0x0000000086000000, 0x0000000086000000|100%|HC|  |TAMS 0x0000000086000000| PB 0x0000000085f00000| Complete 
|  96|0x0000000086000000, 0x0000000086100000, 0x0000000086100000|100%|HC|  |TAMS 0x0000000086100000| PB 0x0000000086000000| Complete 
|  97|0x0000000086100000, 0x0000000086100000, 0x0000000086200000|  0%| F|  |TAMS 0x0000000086100000| PB 0x0000000086100000| Untracked 
|  98|0x0000000086200000, 0x0000000086200000, 0x0000000086300000|  0%| F|  |TAMS 0x0000000086200000| PB 0x0000000086200000| Untracked 
|  99|0x0000000086300000, 0x0000000086300000, 0x0000000086400000|  0%| F|  |TAMS 0x0000000086300000| PB 0x0000000086300000| Untracked 
| 100|0x0000000086400000, 0x0000000086400000, 0x0000000086500000|  0%| F|  |TAMS 0x0000000086400000| PB 0x0000000086400000| Untracked 
| 101|0x0000000086500000, 0x0000000086500000, 0x0000000086600000|  0%| F|  |TAMS 0x0000000086500000| PB 0x0000000086500000| Untracked 
| 102|0x0000000086600000, 0x0000000086600000, 0x0000000086700000|  0%| F|  |TAMS 0x0000000086600000| PB 0x0000000086600000| Untracked 
| 103|0x0000000086700000, 0x0000000086700000, 0x0000000086800000|  0%| F|  |TAMS 0x0000000086700000| PB 0x0000000086700000| Untracked 
| 104|0x0000000086800000, 0x000000008687fed8, 0x0000000086900000| 49%| S|CS|TAMS 0x0000000086800000| PB 0x0000000086800000| Complete 
| 105|0x0000000086900000, 0x0000000086a00000, 0x0000000086a00000|100%| S|CS|TAMS 0x0000000086900000| PB 0x0000000086900000| Complete 
| 106|0x0000000086a00000, 0x0000000086b00000, 0x0000000086b00000|100%| S|CS|TAMS 0x0000000086a00000| PB 0x0000000086a00000| Complete 
| 107|0x0000000086b00000, 0x0000000086c00000, 0x0000000086c00000|100%| S|CS|TAMS 0x0000000086b00000| PB 0x0000000086b00000| Complete 
| 108|0x0000000086c00000, 0x0000000086d00000, 0x0000000086d00000|100%| S|CS|TAMS 0x0000000086c00000| PB 0x0000000086c00000| Complete 
| 109|0x0000000086d00000, 0x0000000086d00000, 0x0000000086e00000|  0%| F|  |TAMS 0x0000000086d00000| PB 0x0000000086d00000| Untracked 
| 110|0x0000000086e00000, 0x0000000086e00000, 0x0000000086f00000|  0%| F|  |TAMS 0x0000000086e00000| PB 0x0000000086e00000| Untracked 
| 111|0x0000000086f00000, 0x0000000086f00000, 0x0000000087000000|  0%| F|  |TAMS 0x0000000086f00000| PB 0x0000000086f00000| Untracked 
| 112|0x0000000087000000, 0x0000000087000000, 0x0000000087100000|  0%| F|  |TAMS 0x0000000087000000| PB 0x0000000087000000| Untracked 
| 113|0x0000000087100000, 0x0000000087100000, 0x0000000087200000|  0%| F|  |TAMS 0x0000000087100000| PB 0x0000000087100000| Untracked 
| 114|0x0000000087200000, 0x0000000087200000, 0x0000000087300000|  0%| F|  |TAMS 0x0000000087200000| PB 0x0000000087200000| Untracked 
| 115|0x0000000087300000, 0x0000000087300000, 0x0000000087400000|  0%| F|  |TAMS 0x0000000087300000| PB 0x0000000087300000| Untracked 
| 116|0x0000000087400000, 0x0000000087400000, 0x0000000087500000|  0%| F|  |TAMS 0x0000000087400000| PB 0x0000000087400000| Untracked 
| 117|0x0000000087500000, 0x0000000087500000, 0x0000000087600000|  0%| F|  |TAMS 0x0000000087500000| PB 0x0000000087500000| Untracked 
| 118|0x0000000087600000, 0x0000000087600000, 0x0000000087700000|  0%| F|  |TAMS 0x0000000087600000| PB 0x0000000087600000| Untracked 
| 119|0x0000000087700000, 0x0000000087700000, 0x0000000087800000|  0%| F|  |TAMS 0x0000000087700000| PB 0x0000000087700000| Untracked 
| 120|0x0000000087800000, 0x0000000087800000, 0x0000000087900000|  0%| F|  |TAMS 0x0000000087800000| PB 0x0000000087800000| Untracked 
| 121|0x0000000087900000, 0x0000000087900000, 0x0000000087a00000|  0%| F|  |TAMS 0x0000000087900000| PB 0x0000000087900000| Untracked 
| 122|0x0000000087a00000, 0x0000000087a00000, 0x0000000087b00000|  0%| F|  |TAMS 0x0000000087a00000| PB 0x0000000087a00000| Untracked 
| 123|0x0000000087b00000, 0x0000000087b00000, 0x0000000087c00000|  0%| F|  |TAMS 0x0000000087b00000| PB 0x0000000087b00000| Untracked 
| 124|0x0000000087c00000, 0x0000000087c00000, 0x0000000087d00000|  0%| F|  |TAMS 0x0000000087c00000| PB 0x0000000087c00000| Untracked 
| 125|0x0000000087d00000, 0x0000000087d00000, 0x0000000087e00000|  0%| F|  |TAMS 0x0000000087d00000| PB 0x0000000087d00000| Untracked 
| 126|0x0000000087e00000, 0x0000000087e00000, 0x0000000087f00000|  0%| F|  |TAMS 0x0000000087e00000| PB 0x0000000087e00000| Untracked 
| 127|0x0000000087f00000, 0x0000000087f00000, 0x0000000088000000|  0%| F|  |TAMS 0x0000000087f00000| PB 0x0000000087f00000| Untracked 
| 128|0x0000000088000000, 0x0000000088000000, 0x0000000088100000|  0%| F|  |TAMS 0x0000000088000000| PB 0x0000000088000000| Untracked 
| 129|0x0000000088100000, 0x0000000088100000, 0x0000000088200000|  0%| F|  |TAMS 0x0000000088100000| PB 0x0000000088100000| Untracked 
| 130|0x0000000088200000, 0x0000000088200000, 0x0000000088300000|  0%| F|  |TAMS 0x0000000088200000| PB 0x0000000088200000| Untracked 
| 131|0x0000000088300000, 0x0000000088300000, 0x0000000088400000|  0%| F|  |TAMS 0x0000000088300000| PB 0x0000000088300000| Untracked 
| 132|0x0000000088400000, 0x0000000088400000, 0x0000000088500000|  0%| F|  |TAMS 0x0000000088400000| PB 0x0000000088400000| Untracked 
| 133|0x0000000088500000, 0x0000000088500000, 0x0000000088600000|  0%| F|  |TAMS 0x0000000088500000| PB 0x0000000088500000| Untracked 
| 134|0x0000000088600000, 0x0000000088600000, 0x0000000088700000|  0%| F|  |TAMS 0x0000000088600000| PB 0x0000000088600000| Untracked 
| 135|0x0000000088700000, 0x0000000088700000, 0x0000000088800000|  0%| F|  |TAMS 0x0000000088700000| PB 0x0000000088700000| Untracked 
| 136|0x0000000088800000, 0x0000000088800000, 0x0000000088900000|  0%| F|  |TAMS 0x0000000088800000| PB 0x0000000088800000| Untracked 
| 137|0x0000000088900000, 0x0000000088900000, 0x0000000088a00000|  0%| F|  |TAMS 0x0000000088900000| PB 0x0000000088900000| Untracked 
| 138|0x0000000088a00000, 0x0000000088a00000, 0x0000000088b00000|  0%| F|  |TAMS 0x0000000088a00000| PB 0x0000000088a00000| Untracked 
| 139|0x0000000088b00000, 0x0000000088b00000, 0x0000000088c00000|  0%| F|  |TAMS 0x0000000088b00000| PB 0x0000000088b00000| Untracked 
| 140|0x0000000088c00000, 0x0000000088c00000, 0x0000000088d00000|  0%| F|  |TAMS 0x0000000088c00000| PB 0x0000000088c00000| Untracked 
| 141|0x0000000088d00000, 0x0000000088d00000, 0x0000000088e00000|  0%| F|  |TAMS 0x0000000088d00000| PB 0x0000000088d00000| Untracked 
| 142|0x0000000088e00000, 0x0000000088e00000, 0x0000000088f00000|  0%| F|  |TAMS 0x0000000088e00000| PB 0x0000000088e00000| Untracked 
| 143|0x0000000088f00000, 0x0000000088f00000, 0x0000000089000000|  0%| F|  |TAMS 0x0000000088f00000| PB 0x0000000088f00000| Untracked 
| 144|0x0000000089000000, 0x0000000089000000, 0x0000000089100000|  0%| F|  |TAMS 0x0000000089000000| PB 0x0000000089000000| Untracked 
| 145|0x0000000089100000, 0x0000000089100000, 0x0000000089200000|  0%| F|  |TAMS 0x0000000089100000| PB 0x0000000089100000| Untracked 
| 146|0x0000000089200000, 0x0000000089200000, 0x0000000089300000|  0%| F|  |TAMS 0x0000000089200000| PB 0x0000000089200000| Untracked 
| 147|0x0000000089300000, 0x0000000089300000, 0x0000000089400000|  0%| F|  |TAMS 0x0000000089300000| PB 0x0000000089300000| Untracked 
| 148|0x0000000089400000, 0x0000000089400000, 0x0000000089500000|  0%| F|  |TAMS 0x0000000089400000| PB 0x0000000089400000| Untracked 
| 149|0x0000000089500000, 0x0000000089500000, 0x0000000089600000|  0%| F|  |TAMS 0x0000000089500000| PB 0x0000000089500000| Untracked 
| 150|0x0000000089600000, 0x0000000089600000, 0x0000000089700000|  0%| F|  |TAMS 0x0000000089600000| PB 0x0000000089600000| Untracked 
| 151|0x0000000089700000, 0x0000000089700000, 0x0000000089800000|  0%| F|  |TAMS 0x0000000089700000| PB 0x0000000089700000| Untracked 
| 152|0x0000000089800000, 0x0000000089800000, 0x0000000089900000|  0%| F|  |TAMS 0x0000000089800000| PB 0x0000000089800000| Untracked 
|2041|0x00000000ff900000, 0x00000000ffa00000, 0x00000000ffa00000|100%| O|  |TAMS 0x00000000ff999d00| PB 0x00000000ff999d00| Untracked 
|2042|0x00000000ffa00000, 0x00000000ffb00000, 0x00000000ffb00000|100%| O|  |TAMS 0x00000000ffb00000| PB 0x00000000ffb00000| Updating 
|2043|0x00000000ffb00000, 0x00000000ffc00000, 0x00000000ffc00000|100%| O|  |TAMS 0x00000000ffc00000| PB 0x00000000ffc00000| Untracked 
|2044|0x00000000ffc00000, 0x00000000ffd00000, 0x00000000ffd00000|100%| O|  |TAMS 0x00000000ffd00000| PB 0x00000000ffd00000| Untracked 
|2045|0x00000000ffd00000, 0x00000000ffe00000, 0x00000000ffe00000|100%| O|  |TAMS 0x00000000ffe00000| PB 0x00000000ffe00000| Updating 
|2046|0x00000000ffe00000, 0x00000000fff00000, 0x00000000fff00000|100%| E|  |TAMS 0x00000000ffe00000| PB 0x00000000ffe00000| Complete 
|2047|0x00000000fff00000, 0x0000000100000000, 0x0000000100000000|100%| O|  |TAMS 0x0000000100000000| PB 0x0000000100000000| Untracked 

Card table byte_map: [0x00000187a5850000,0x00000187a5c50000] _byte_map_base: 0x00000187a5450000

Marking Bits: (CMBitMap*) 0x0000018793354280
 Bits: [0x00000187a5c50000, 0x00000187a7c50000)

Polling page: 0x00000187911b0000

Metaspace:

Usage:
  Non-class:     62.89 MB used.
      Class:     10.24 MB used.
       Both:     73.12 MB used.

Virtual space:
  Non-class space:       64.00 MB reserved,      63.75 MB (>99%) committed,  1 nodes.
      Class space:        1.00 GB reserved,      11.06 MB (  1%) committed,  1 nodes.
             Both:        1.06 GB reserved,      74.81 MB (  7%) committed. 

Chunk freelists:
   Non-Class:  252.00 KB
       Class:  4.98 MB
        Both:  5.23 MB

MaxMetaspaceSize: unlimited
CompressedClassSpaceSize: 1.00 GB
Initial GC threshold: 21.00 MB
Current GC threshold: 107.31 MB
CDS: off
 - commit_granule_bytes: 65536.
 - commit_granule_words: 8192.
 - virtual_space_node_default_size: 8388608.
 - enlarge_chunks_in_place: 1.
 - use_allocation_guard: 0.


Internal statistics:

num_allocs_failed_limit: 6.
num_arena_births: 3122.
num_arena_deaths: 2.
num_vsnodes_births: 2.
num_vsnodes_deaths: 0.
num_space_committed: 1197.
num_space_uncommitted: 0.
num_chunks_returned_to_freelist: 9.
num_chunks_taken_from_freelist: 6145.
num_chunk_merges: 6.
num_chunk_splits: 4044.
num_chunks_enlarged: 2544.
num_inconsistent_stats: 0.

CodeHeap 'non-profiled nmethods': size=120000Kb used=4130Kb max_used=4242Kb free=115869Kb
 bounds [0x000001879df20000, 0x000001879e350000, 0x00000187a5450000]
CodeHeap 'profiled nmethods': size=120000Kb used=12640Kb max_used=13158Kb free=107359Kb
 bounds [0x0000018796450000, 0x0000018797130000, 0x000001879d980000]
CodeHeap 'non-nmethods': size=5760Kb used=2760Kb max_used=2802Kb free=3000Kb
 bounds [0x000001879d980000, 0x000001879dc50000, 0x000001879df20000]
CodeCache: size=245760Kb, used=19530Kb, max_used=20202Kb, free=226228Kb
 total_blobs=7570, nmethods=6669, adapters=804, full_count=0
Compilation: enabled, stopped_count=0, restarted_count=0

Compilation events (20 events):
Event: 50.772 Thread 0x00000187aa32a000 nmethod 7940 0x000001879e342890 code [0x000001879e342a80, 0x000001879e3436b8]
Event: 50.772 Thread 0x00000187aa3441f0 7958       1       org.antlr.v4.runtime.CodePointBuffer::getType (5 bytes)
Event: 50.772 Thread 0x00000187aa3441f0 nmethod 7958 0x000001879e343a10 code [0x000001879e343ba0, 0x000001879e343c68]
Event: 50.772 Thread 0x00000187aa3441f0 7959       3       org.antlr.v4.runtime.Recognizer::<init> (22 bytes)
Event: 50.773 Thread 0x00000187aa3441f0 nmethod 7959 0x0000018797125910 code [0x0000018797125b00, 0x0000018797126180]
Event: 50.773 Thread 0x00000187aa3441f0 7960       3       org.antlr.v4.runtime.Recognizer$1::<init> (18 bytes)
Event: 50.773 Thread 0x00000187aa32a000 7962       4       org.antlr.v4.runtime.CodePointCharStream$CodePoint8BitCharStream::LA (98 bytes)
Event: 50.773 Thread 0x00000187aa3441f0 nmethod 7960 0x0000018797126390 code [0x0000018797126560, 0x0000018797126a50]
Event: 50.773 Thread 0x00000187aa3441f0 7961       1       org.tomlj.AccumulatingErrorListener::errors (5 bytes)
Event: 50.774 Thread 0x00000187aa3441f0 nmethod 7961 0x000001879e343d10 code [0x000001879e343ea0, 0x000001879e343f68]
Event: 50.775 Thread 0x00000187aa32a000 nmethod 7962 0x000001879e344010 code [0x000001879e3441a0, 0x000001879e3442c0]
Event: 50.780 Thread 0x00000187aa3441f0 7963   !   3       org.antlr.v4.runtime.atn.LexerATNSimulator::addDFAEdge (57 bytes)
Event: 50.780 Thread 0x00000187aa3441f0 nmethod 7963 0x0000018797126b90 code [0x0000018797126d60, 0x00000187971272a0]
Event: 50.788 Thread 0x00000187aa32a000 7964       4       org.antlr.v4.runtime.atn.LexerATNSimulator::consume (49 bytes)
Event: 50.790 Thread 0x00000187aa32a000 nmethod 7964 0x000001879e344390 code [0x000001879e344520, 0x000001879e344680]
Event: 50.793 Thread 0x00000187aa3441f0 7965   !   3       org.tomlj.internal.TomlParser::key (184 bytes)
Event: 50.794 Thread 0x00000187aa3441f0 nmethod 7965 0x0000018797127510 code [0x0000018797127820, 0x0000018797128958]
Event: 50.795 Thread 0x00000187aa3441f0 7966       3       org.tomlj.KeyVisitor::<init> (16 bytes)
Event: 50.796 Thread 0x00000187aa3441f0 nmethod 7966 0x0000018797129290 code [0x0000018797129480, 0x0000018797129938]
Event: 50.796 Thread 0x00000187aa3441f0 7967       3       org.tomlj.internal.TomlParser$KeyContext::accept (26 bytes)

GC Heap History (20 events):
Event: 32.644 GC heap before
{Heap before GC invocations=19 (full 0):
 garbage-first heap   total 126976K, used 88637K [0x0000000080000000, 0x0000000100000000)
  region size 1024K, 21 young (21504K), 4 survivors (4096K)
 Metaspace       used 57461K, committed 58944K, reserved 1114112K
  class space    used 8117K, committed 8832K, reserved 1048576K
}
Event: 32.665 GC heap after
{Heap after GC invocations=20 (full 0):
 garbage-first heap   total 126976K, used 74335K [0x0000000080000000, 0x0000000100000000)
  region size 1024K, 5 young (5120K), 5 survivors (5120K)
 Metaspace       used 57461K, committed 58944K, reserved 1114112K
  class space    used 8117K, committed 8832K, reserved 1048576K
}
Event: 35.916 GC heap before
{Heap before GC invocations=21 (full 0):
 garbage-first heap   total 130048K, used 115295K [0x0000000080000000, 0x0000000100000000)
  region size 1024K, 43 young (44032K), 5 survivors (5120K)
 Metaspace       used 60801K, committed 62272K, reserved 1114112K
  class space    used 8674K, committed 9408K, reserved 1048576K
}
Event: 35.942 GC heap after
{Heap after GC invocations=22 (full 0):
 garbage-first heap   total 130048K, used 79277K [0x0000000080000000, 0x0000000100000000)
  region size 1024K, 5 young (5120K), 5 survivors (5120K)
 Metaspace       used 60801K, committed 62272K, reserved 1114112K
  class space    used 8674K, committed 9408K, reserved 1048576K
}
Event: 36.997 GC heap before
{Heap before GC invocations=22 (full 0):
 garbage-first heap   total 130048K, used 117165K [0x0000000080000000, 0x0000000100000000)
  region size 1024K, 42 young (43008K), 5 survivors (5120K)
 Metaspace       used 60881K, committed 62336K, reserved 1114112K
  class space    used 8676K, committed 9408K, reserved 1048576K
}
Event: 37.013 GC heap after
{Heap after GC invocations=23 (full 0):
 garbage-first heap   total 130048K, used 80694K [0x0000000080000000, 0x0000000100000000)
  region size 1024K, 5 young (5120K), 5 survivors (5120K)
 Metaspace       used 60881K, committed 62336K, reserved 1114112K
  class space    used 8676K, committed 9408K, reserved 1048576K
}
Event: 37.720 GC heap before
{Heap before GC invocations=23 (full 0):
 garbage-first heap   total 130048K, used 116534K [0x0000000080000000, 0x0000000100000000)
  region size 1024K, 40 young (40960K), 5 survivors (5120K)
 Metaspace       used 60895K, committed 62400K, reserved 1114112K
  class space    used 8677K, committed 9408K, reserved 1048576K
}
Event: 37.731 GC heap after
{Heap after GC invocations=24 (full 0):
 garbage-first heap   total 130048K, used 81682K [0x0000000080000000, 0x0000000100000000)
  region size 1024K, 3 young (3072K), 3 survivors (3072K)
 Metaspace       used 60895K, committed 62400K, reserved 1114112K
  class space    used 8677K, committed 9408K, reserved 1048576K
}
Event: 38.635 GC heap before
{Heap before GC invocations=25 (full 0):
 garbage-first heap   total 137216K, used 118546K [0x0000000080000000, 0x0000000100000000)
  region size 1024K, 39 young (39936K), 3 survivors (3072K)
 Metaspace       used 60897K, committed 62400K, reserved 1114112K
  class space    used 8677K, committed 9408K, reserved 1048576K
}
Event: 38.646 GC heap after
{Heap after GC invocations=26 (full 0):
 garbage-first heap   total 137216K, used 82041K [0x0000000080000000, 0x0000000100000000)
  region size 1024K, 4 young (4096K), 4 survivors (4096K)
 Metaspace       used 60897K, committed 62400K, reserved 1114112K
  class space    used 8677K, committed 9408K, reserved 1048576K
}
Event: 42.578 GC heap before
{Heap before GC invocations=26 (full 0):
 garbage-first heap   total 137216K, used 131193K [0x0000000080000000, 0x0000000100000000)
  region size 1024K, 45 young (46080K), 4 survivors (4096K)
 Metaspace       used 64400K, committed 65920K, reserved 1114112K
  class space    used 9087K, committed 9792K, reserved 1048576K
}
Event: 42.621 GC heap after
{Heap after GC invocations=27 (full 0):
 garbage-first heap   total 142336K, used 94442K [0x0000000080000000, 0x0000000100000000)
  region size 1024K, 6 young (6144K), 6 survivors (6144K)
 Metaspace       used 64400K, committed 65920K, reserved 1114112K
  class space    used 9087K, committed 9792K, reserved 1048576K
}
Event: 43.127 GC heap before
{Heap before GC invocations=27 (full 0):
 garbage-first heap   total 142336K, used 127210K [0x0000000080000000, 0x0000000100000000)
  region size 1024K, 38 young (38912K), 6 survivors (6144K)
 Metaspace       used 64451K, committed 65920K, reserved 1114112K
  class space    used 9087K, committed 9792K, reserved 1048576K
}
Event: 43.144 GC heap after
{Heap after GC invocations=28 (full 0):
 garbage-first heap   total 142336K, used 95944K [0x0000000080000000, 0x0000000100000000)
  region size 1024K, 1 young (1024K), 1 survivors (1024K)
 Metaspace       used 64451K, committed 65920K, reserved 1114112K
  class space    used 9087K, committed 9792K, reserved 1048576K
}
Event: 45.743 GC heap before
{Heap before GC invocations=29 (full 0):
 garbage-first heap   total 160768K, used 131784K [0x0000000080000000, 0x0000000100000000)
  region size 1024K, 36 young (36864K), 1 survivors (1024K)
 Metaspace       used 65087K, committed 66560K, reserved 1114112K
  class space    used 9156K, committed 9856K, reserved 1048576K
}
Event: 45.750 GC heap after
{Heap after GC invocations=30 (full 0):
 garbage-first heap   total 160768K, used 97291K [0x0000000080000000, 0x0000000100000000)
  region size 1024K, 3 young (3072K), 3 survivors (3072K)
 Metaspace       used 65087K, committed 66560K, reserved 1114112K
  class space    used 9156K, committed 9856K, reserved 1048576K
}
Event: 47.714 GC heap before
{Heap before GC invocations=30 (full 0):
 garbage-first heap   total 160768K, used 155659K [0x0000000080000000, 0x0000000100000000)
  region size 1024K, 52 young (53248K), 3 survivors (3072K)
 Metaspace       used 68562K, committed 70208K, reserved 1114112K
  class space    used 9563K, committed 10368K, reserved 1048576K
}
Event: 47.729 GC heap after
{Heap after GC invocations=31 (full 0):
 garbage-first heap   total 163840K, used 105637K [0x0000000080000000, 0x0000000100000000)
  region size 1024K, 5 young (5120K), 5 survivors (5120K)
 Metaspace       used 68562K, committed 70208K, reserved 1114112K
  class space    used 9563K, committed 10368K, reserved 1048576K
}
Event: 50.622 GC heap before
{Heap before GC invocations=31 (full 0):
 garbage-first heap   total 163840K, used 149669K [0x0000000080000000, 0x0000000100000000)
  region size 1024K, 48 young (49152K), 5 survivors (5120K)
 Metaspace       used 74825K, committed 76544K, reserved 1114112K
  class space    used 10480K, committed 11328K, reserved 1048576K
}
Event: 50.636 GC heap after
{Heap after GC invocations=32 (full 0):
 garbage-first heap   total 163840K, used 107828K [0x0000000080000000, 0x0000000100000000)
  region size 1024K, 5 young (5120K), 5 survivors (5120K)
 Metaspace       used 74825K, committed 76544K, reserved 1114112K
  class space    used 10480K, committed 11328K, reserved 1048576K
}

Dll operation events (3 events):
Event: 0.136 Loaded shared library D:\new android\jbr\bin\java.dll
Event: 0.160 Loaded shared library D:\new android\jbr\bin\zip.dll
Event: 2.436 Loaded shared library D:\new android\jbr\bin\verify.dll

Deoptimization events (20 events):
Event: 49.700 Thread 0x00000187aa7fdb10 Uncommon trap: trap_request=0xffffff45 fr.pc=0x000001879dffa160 relative=0x00000000000000c0
Event: 49.700 Thread 0x00000187aa7fdb10 Uncommon trap: reason=unstable_if action=reinterpret pc=0x000001879dffa160 method=java.net.URI.match(CJJ)Z @ 45 c2
Event: 49.700 Thread 0x00000187aa7fdb10 DEOPT PACKING pc=0x000001879dffa160 sp=0x0000006568af8380
Event: 49.700 Thread 0x00000187aa7fdb10 DEOPT UNPACKING pc=0x000001879d9d46a2 sp=0x0000006568af8310 mode 2
Event: 49.915 Thread 0x00000187aa7fdb10 Uncommon trap: trap_request=0xffffffc6 fr.pc=0x000001879e00ef78 relative=0x0000000000000298
Event: 49.915 Thread 0x00000187aa7fdb10 Uncommon trap: reason=bimorphic_or_optimized_type_check action=maybe_recompile pc=0x000001879e00ef78 method=java.util.Spliterators$IteratorSpliterator.tryAdvance(Ljava/util/function/Consumer;)Z @ 50 c2
Event: 49.915 Thread 0x00000187aa7fdb10 DEOPT PACKING pc=0x000001879e00ef78 sp=0x0000006568af9b20
Event: 49.915 Thread 0x00000187aa7fdb10 DEOPT UNPACKING pc=0x000001879d9d46a2 sp=0x0000006568af9ac0 mode 2
Event: 50.502 Thread 0x00000187aa7fdb10 Uncommon trap: trap_request=0xffffff45 fr.pc=0x000001879e33c980 relative=0x00000000000000e0
Event: 50.502 Thread 0x00000187aa7fdb10 Uncommon trap: reason=unstable_if action=reinterpret pc=0x000001879e33c980 method=org.antlr.v4.runtime.CodePointCharStream$CodePoint8BitCharStream.LA(I)I @ 72 c2
Event: 50.502 Thread 0x00000187aa7fdb10 DEOPT PACKING pc=0x000001879e33c980 sp=0x0000006568af93d0
Event: 50.502 Thread 0x00000187aa7fdb10 DEOPT UNPACKING pc=0x000001879d9d46a2 sp=0x0000006568af9350 mode 2
Event: 50.589 Thread 0x00000187aa7fdb10 Uncommon trap: trap_request=0xffffff45 fr.pc=0x000001879e33c0cc relative=0x000000000000016c
Event: 50.589 Thread 0x00000187aa7fdb10 Uncommon trap: reason=unstable_if action=reinterpret pc=0x000001879e33c0cc method=org.antlr.v4.runtime.BufferedTokenStream.lazyInit()V @ 5 c2
Event: 50.589 Thread 0x00000187aa7fdb10 DEOPT PACKING pc=0x000001879e33c0cc sp=0x0000006568af97c0
Event: 50.589 Thread 0x00000187aa7fdb10 DEOPT UNPACKING pc=0x000001879d9d46a2 sp=0x0000006568af96d8 mode 2
Event: 50.595 Thread 0x00000187aa7fdb10 Uncommon trap: trap_request=0xffffff45 fr.pc=0x000001879e33f030 relative=0x00000000000012f0
Event: 50.595 Thread 0x00000187aa7fdb10 Uncommon trap: reason=unstable_if action=reinterpret pc=0x000001879e33f030 method=org.antlr.v4.runtime.Lexer.nextToken()Lorg/antlr/v4/runtime/Token; @ 31 c2
Event: 50.595 Thread 0x00000187aa7fdb10 DEOPT PACKING pc=0x000001879e33f030 sp=0x0000006568af93f0
Event: 50.595 Thread 0x00000187aa7fdb10 DEOPT UNPACKING pc=0x000001879d9d46a2 sp=0x0000006568af92f8 mode 2

Classes loaded (20 events):
Event: 49.753 Loading class javax/net/ssl/HostnameVerifier
Event: 49.754 Loading class javax/net/ssl/HostnameVerifier done
Event: 49.761 Loading class javax/net/ssl/TrustManager
Event: 49.761 Loading class javax/net/ssl/TrustManager done
Event: 49.761 Loading class javax/net/ssl/X509TrustManager
Event: 49.762 Loading class javax/net/ssl/X509TrustManager done
Event: 49.767 Loading class javax/net/ssl/SSLException
Event: 49.767 Loading class javax/net/ssl/SSLException done
Event: 49.767 Loading class javax/net/ssl/SSLPeerUnverifiedException
Event: 49.767 Loading class javax/net/ssl/SSLPeerUnverifiedException done
Event: 49.767 Loading class javax/naming/NamingException
Event: 49.769 Loading class javax/naming/NamingException done
Event: 49.769 Loading class javax/naming/InvalidNameException
Event: 49.770 Loading class javax/naming/InvalidNameException done
Event: 49.770 Loading class java/security/cert/CertificateParsingException
Event: 49.771 Loading class java/security/cert/CertificateException
Event: 49.771 Loading class java/security/cert/CertificateException done
Event: 49.771 Loading class java/security/cert/CertificateParsingException done
Event: 49.973 Loading class java/nio/channels/Channels$ReadableByteChannelImpl
Event: 49.973 Loading class java/nio/channels/Channels$ReadableByteChannelImpl done

Classes unloaded (3 events):
Event: 51.197 Thread 0x00000187aa124800 Unloading class 0x0000000100960988 '_BuildScript_$_run_closure1$_closure2'
Event: 51.197 Thread 0x00000187aa124800 Unloading class 0x0000000100960568 '_BuildScript_$_run_closure1'
Event: 51.197 Thread 0x00000187aa124800 Unloading class 0x0000000100960000 '_BuildScript_'

Classes redefined (0 events):
No events

Internal exceptions (20 events):
Event: 46.483 Thread 0x00000187aa7fdb10 Exception <a 'sun/nio/fs/WindowsException'{0x0000000088b67070}> (0x0000000088b67070) 
thrown [s\src\hotspot\share\prims\jni.cpp, line 537]
Event: 46.484 Thread 0x00000187aa7fdb10 Exception <a 'sun/nio/fs/WindowsException'{0x0000000088b68470}> (0x0000000088b68470) 
thrown [s\src\hotspot\share\prims\jni.cpp, line 537]
Event: 46.488 Thread 0x00000187aa7fdb10 Exception <a 'java/lang/NoSuchMethodError'{0x0000000088b7d178}: 'java.lang.Object java.lang.invoke.Invokers$Holder.invoker(java.lang.Object, java.lang.Object, java.lang.Object, java.lang.Object, java.lang.Object, java.lang.Object)'> (0x0000000088b7d178) 
thrown [s\src\hotspot\share\interpreter\linkResolver.cpp, line 784]
Event: 46.534 Thread 0x00000187aa7fdb10 Exception <a 'java/lang/NoSuchMethodError'{0x0000000088a8bc88}: 'java.lang.Object java.lang.invoke.DirectMethodHandle$Holder.invokeSpecial(java.lang.Object, java.lang.Object, java.lang.Object, java.lang.Object, java.lang.Object, java.lang.Object, java.lang.Object, java.lang.Object, java.lang.Object, java.lang.Object, java.lang.Object, java.lang.Object, java.lang.Object, java.lang.Object, java.lang.Object, java.lang.Object, java.lang.Object, java.lang.Object, java.lang.Object, java.lang.Object, java.lang.Ob
Event: 46.535 Thread 0x00000187aa7fdb10 Exception <a 'java/lang/NoSuchMethodError'{0x0000000088a91fa0}: 'java.lang.Object java.lang.invoke.DelegatingMethodHandle$Holder.reinvoke_L(java.lang.Object, java.lang.Object, java.lang.Object, java.lang.Object, java.lang.Object, java.lang.Object, java.lang.Object, java.lang.Object, java.lang.Object, java.lang.Object, java.lang.Object, java.lang.Object, java.lang.Object, java.lang.Object, java.lang.Object, java.lang.Object, java.lang.Object, java.lang.Object, java.lang.Object, java.lang.Object, java.lang.O
Event: 46.536 Thread 0x00000187aa7fdb10 Exception <a 'java/lang/NoSuchMethodError'{0x0000000088a9d358}: 'java.lang.Object java.lang.invoke.Invokers$Holder.invoker(java.lang.Object, java.lang.Object, java.lang.Object, java.lang.Object, java.lang.Object, java.lang.Object, java.lang.Object, java.lang.Object, java.lang.Object, java.lang.Object, java.lang.Object, java.lang.Object, java.lang.Object, java.lang.Object, java.lang.Object, java.lang.Object, java.lang.Object, java.lang.Object, java.lang.Object, java.lang.Object, java.lang.Object, java.lang.
Event: 46.536 Thread 0x00000187aa7fdb10 Exception <a 'java/lang/NoSuchMethodError'{0x0000000088aa3f20}: 'java.lang.Object java.lang.invoke.DelegatingMethodHandle$Holder.delegate(java.lang.Object, java.lang.Object, java.lang.Object, java.lang.Object, java.lang.Object, java.lang.Object, java.lang.Object, java.lang.Object, java.lang.Object, java.lang.Object, java.lang.Object, java.lang.Object, java.lang.Object, java.lang.Object, java.lang.Object, java.lang.Object, java.lang.Object, java.lang.Object, java.lang.Object, java.lang.Object, java.lang.Obj
Event: 47.537 Thread 0x00000187aa7fdb10 Exception <a 'java/lang/NoSuchMethodError'{0x00000000865e7f98}: 'java.lang.Object java.lang.invoke.DirectMethodHandle$Holder.newInvokeSpecial(java.lang.Object, java.lang.Object, java.lang.Object, java.lang.Object, java.lang.Object, java.lang.Object, java.lang.Object, java.lang.Object, java.lang.Object, java.lang.Object, java.lang.Object, java.lang.Object, java.lang.Object, java.lang.Object, java.lang.Object, java.lang.Object, java.lang.Object, java.lang.Object, java.lang.Object)'> (0x00000000865e7f98) 
thr
Event: 47.537 Thread 0x00000187aa7fdb10 Exception <a 'java/lang/NoSuchMethodError'{0x00000000865eee80}: 'java.lang.Object java.lang.invoke.DirectMethodHandle$Holder.invokeSpecial(java.lang.Object, java.lang.Object, java.lang.Object, java.lang.Object, java.lang.Object, java.lang.Object, java.lang.Object, java.lang.Object, java.lang.Object, java.lang.Object, java.lang.Object, java.lang.Object, java.lang.Object, java.lang.Object, java.lang.Object, java.lang.Object, java.lang.Object, java.lang.Object, java.lang.Object, java.lang.Object)'> (0x0000000
Event: 47.538 Thread 0x00000187aa7fdb10 Exception <a 'java/lang/NoSuchMethodError'{0x00000000865f4980}: 'java.lang.Object java.lang.invoke.DelegatingMethodHandle$Holder.reinvoke_L(java.lang.Object, java.lang.Object, java.lang.Object, java.lang.Object, java.lang.Object, java.lang.Object, java.lang.Object, java.lang.Object, java.lang.Object, java.lang.Object, java.lang.Object, java.lang.Object, java.lang.Object, java.lang.Object, java.lang.Object, java.lang.Object, java.lang.Object, java.lang.Object, java.lang.Object)'> (0x00000000865f4980) 
throw
Event: 47.598 Thread 0x00000187aa7fdb10 Exception <a 'java/lang/IncompatibleClassChangeError'{0x00000000864c4270}: Found class java.lang.Object, but interface was expected> (0x00000000864c4270) 
thrown [s\src\hotspot\share\interpreter\linkResolver.cpp, line 851]
Event: 49.613 Thread 0x00000187af4f6300 Exception <a 'java/lang/NoSuchMethodError'{0x0000000087914ca0}: static Lorg/gradle/internal/build/event/types/DefaultOperationStartedProgressEvent;.<clinit>()V> (0x0000000087914ca0) 
thrown [s\src\hotspot\share\prims\jni.cpp, line 1144]
Event: 49.617 Thread 0x00000187af4f6300 Exception <a 'java/lang/NoSuchMethodError'{0x00000000879165e0}: static Lorg/gradle/internal/build/event/types/AbstractProgressEvent;.<clinit>()V> (0x00000000879165e0) 
thrown [s\src\hotspot\share\prims\jni.cpp, line 1144]
Event: 49.620 Thread 0x00000187af4f6300 Exception <a 'java/lang/NoSuchMethodError'{0x000000008792af68}: static Lorg/gradle/internal/build/event/types/DefaultBuildPhaseDescriptor;.<clinit>()V> (0x000000008792af68) 
thrown [s\src\hotspot\share\prims\jni.cpp, line 1144]
Event: 49.621 Thread 0x00000187af4f6300 Exception <a 'java/lang/NoSuchMethodError'{0x00000000879ae528}: static Lorg/gradle/internal/build/event/types/DefaultOperationDescriptor;.<clinit>()V> (0x00000000879ae528) 
thrown [s\src\hotspot\share\prims\jni.cpp, line 1144]
Event: 49.624 Thread 0x00000187af4f6300 Exception <a 'java/lang/NoSuchMethodError'{0x00000000879c2860}: static Lorg/gradle/internal/operations/OperationIdentifier;.<clinit>()V> (0x00000000879c2860) 
thrown [s\src\hotspot\share\prims\jni.cpp, line 1144]
Event: 49.906 Thread 0x00000187aa7fdb10 Exception <a 'sun/nio/fs/WindowsException'{0x00000000874ad078}> (0x00000000874ad078) 
thrown [s\src\hotspot\share\prims\jni.cpp, line 537]
Event: 49.907 Thread 0x00000187aa7fdb10 Exception <a 'sun/nio/fs/WindowsException'{0x00000000874aea48}> (0x00000000874aea48) 
thrown [s\src\hotspot\share\prims\jni.cpp, line 537]
Event: 49.912 Thread 0x00000187aa7fdb10 Exception <a 'sun/nio/fs/WindowsException'{0x00000000874b7f20}> (0x00000000874b7f20) 
thrown [s\src\hotspot\share\prims\jni.cpp, line 537]
Event: 50.705 Thread 0x00000187aa7fdb10 Exception <a 'java/lang/NoSuchMethodError'{0x00000000ffe732b0}: 'void java.lang.invoke.DirectMethodHandle$Holder.invokeStatic(java.lang.Object, java.lang.Object, java.lang.Object, java.lang.Object, java.lang.Object, java.lang.Object, java.lang.Object)'> (0x00000000ffe732b0) 
thrown [s\src\hotspot\share\interpreter\linkResolver.cpp, line 784]

ZGC Phase Switch (0 events):
No events

VM Operations (20 events):
Event: 43.379 Executing VM operation: G1PauseCleanup done
Event: 44.282 Executing VM operation: HandshakeAllThreads (Deoptimize)
Event: 44.282 Executing VM operation: HandshakeAllThreads (Deoptimize) done
Event: 44.989 Executing VM operation: ICBufferFull
Event: 44.989 Executing VM operation: ICBufferFull done
Event: 45.701 Executing VM operation: HandshakeAllThreads (Deoptimize)
Event: 45.701 Executing VM operation: HandshakeAllThreads (Deoptimize) done
Event: 45.742 Executing VM operation: G1CollectForAllocation (G1 Evacuation Pause)
Event: 45.750 Executing VM operation: G1CollectForAllocation (G1 Evacuation Pause) done
Event: 46.756 Executing VM operation: Cleanup
Event: 46.756 Executing VM operation: Cleanup done
Event: 47.714 Executing VM operation: G1CollectForAllocation (G1 Evacuation Pause)
Event: 47.729 Executing VM operation: G1CollectForAllocation (G1 Evacuation Pause) done
Event: 48.734 Executing VM operation: Cleanup
Event: 48.735 Executing VM operation: Cleanup done
Event: 49.737 Executing VM operation: Cleanup
Event: 49.738 Executing VM operation: Cleanup done
Event: 50.622 Executing VM operation: G1CollectForAllocation (G1 Evacuation Pause)
Event: 50.636 Executing VM operation: G1CollectForAllocation (G1 Evacuation Pause) done
Event: 50.836 Executing VM operation: G1PauseRemark

Memory protections (0 events):
No events

Nmethod flushes (20 events):
Event: 51.213 Thread 0x00000187aa124800 flushing  nmethod 0x0000018796928010
Event: 51.213 Thread 0x00000187aa124800 flushing  nmethod 0x0000018796a53f90
Event: 51.213 Thread 0x00000187aa124800 flushing  nmethod 0x0000018796a54890
Event: 51.213 Thread 0x00000187aa124800 flushing  nmethod 0x0000018796a71390
Event: 51.213 Thread 0x00000187aa124800 flushing  nmethod 0x0000018796b0da10
Event: 51.213 Thread 0x00000187aa124800 flushing  nmethod 0x0000018796b0fd90
Event: 51.213 Thread 0x00000187aa124800 flushing  nmethod 0x0000018796bd6290
Event: 51.213 Thread 0x00000187aa124800 flushing  nmethod 0x0000018796ca6e10
Event: 51.213 Thread 0x00000187aa124800 flushing  nmethod 0x0000018796cbbf10
Event: 51.213 Thread 0x00000187aa124800 flushing  nmethod 0x0000018796cbd290
Event: 51.213 Thread 0x00000187aa124800 flushing  nmethod 0x0000018796d3e590
Event: 51.213 Thread 0x00000187aa124800 flushing  nmethod 0x0000018796d68b90
Event: 51.213 Thread 0x00000187aa124800 flushing  nmethod 0x0000018796da1690
Event: 51.213 Thread 0x00000187aa124800 flushing  nmethod 0x0000018796da1c10
Event: 51.213 Thread 0x00000187aa124800 flushing  nmethod 0x0000018796dcfa10
Event: 51.213 Thread 0x00000187aa124800 flushing osr nmethod 0x0000018796e32810
Event: 51.213 Thread 0x00000187aa124800 flushing  nmethod 0x0000018796e38490
Event: 51.213 Thread 0x00000187aa124800 flushing  nmethod 0x0000018796e58f10
Event: 51.213 Thread 0x00000187aa124800 flushing  nmethod 0x0000018796fb1690
Event: 51.213 Thread 0x00000187aa124800 flushing  nmethod 0x0000018796fb1e90

Events (20 events):
Event: 31.678 Thread 0x00000187aa7fdb10 Thread added: 0x00000187b01c89d0
Event: 31.693 Thread 0x00000187aa7fdb10 Thread added: 0x00000187b312d9e0
Event: 31.884 Thread 0x00000187aa7fdb10 Thread added: 0x00000187b312d350
Event: 31.886 Thread 0x00000187aa7fdb10 Thread added: 0x00000187b312ed90
Event: 31.957 Thread 0x00000187aa32a000 Thread added: 0x00000187b1b320b0
Event: 32.219 Thread 0x00000187b1b320b0 Thread exited: 0x00000187b1b320b0
Event: 34.169 Thread 0x00000187aa3441f0 Thread added: 0x00000187b1b30570
Event: 34.557 Thread 0x00000187b1b30570 Thread exited: 0x00000187b1b30570
Event: 34.833 Thread 0x00000187aa3441f0 Thread added: 0x00000187b1b33bf0
Event: 39.668 Thread 0x00000187b1b33bf0 Thread exited: 0x00000187b1b33bf0
Event: 39.835 Thread 0x00000187aa3441f0 Thread added: 0x00000187b1b320b0
Event: 40.388 Thread 0x00000187b1b320b0 Thread exited: 0x00000187b1b320b0
Event: 40.521 Thread 0x00000187aa3441f0 Thread added: 0x00000187b1b30c40
Event: 40.793 Thread 0x00000187aa7fdb10 Thread added: 0x00000187b312c630
Event: 40.799 Thread 0x00000187aa7fdb10 Thread added: 0x00000187b312e070
Event: 40.801 Thread 0x00000187aa7fdb10 Thread added: 0x00000187b312ccc0
Event: 40.961 Thread 0x00000187aa7fdb10 Thread added: 0x00000187b3ae1ce0
Event: 40.962 Thread 0x00000187aa7fdb10 Thread added: 0x00000187b3ae0fc0
Event: 40.963 Thread 0x00000187aa7fdb10 Thread added: 0x00000187b3ade860
Event: 41.112 Thread 0x00000187b1b30c40 Thread exited: 0x00000187b1b30c40


Dynamic libraries:
0x00007ff7975c0000 - 0x00007ff7975ca000 	D:\new android\jbr\bin\java.exe
0x00007ffc6e020000 - 0x00007ffc6e288000 	C:\WINDOWS\SYSTEM32\ntdll.dll
0x00007ffc6c9b0000 - 0x00007ffc6ca79000 	C:\WINDOWS\System32\KERNEL32.DLL
0x00007ffc6ad20000 - 0x00007ffc6b111000 	C:\WINDOWS\System32\KERNELBASE.dll
0x00007ffc6bc70000 - 0x00007ffc6bdbb000 	C:\WINDOWS\System32\ucrtbase.dll
0x00007ffc5e240000 - 0x00007ffc5e25b000 	D:\new android\jbr\bin\VCRUNTIME140.dll
0x00007ffc4fa80000 - 0x00007ffc4fa98000 	D:\new android\jbr\bin\jli.dll
0x00007ffc6de10000 - 0x00007ffc6dfd6000 	C:\WINDOWS\System32\USER32.dll
0x00007ffc6aae0000 - 0x00007ffc6ab07000 	C:\WINDOWS\System32\win32u.dll
0x00007ffc6bf40000 - 0x00007ffc6bf6b000 	C:\WINDOWS\System32\GDI32.dll
0x00007ffc6a9b0000 - 0x00007ffc6aadb000 	C:\WINDOWS\System32\gdi32full.dll
0x00007ffc6b990000 - 0x00007ffc6ba33000 	C:\WINDOWS\System32\msvcp_win.dll
0x00007ffc54f40000 - 0x00007ffc551d3000 	C:\WINDOWS\WinSxS\amd64_microsoft.windows.common-controls_6595b64144ccf1df_6.0.26100.7824_none_3e0870b2e3345462\COMCTL32.dll
0x00007ffc6d2c0000 - 0x00007ffc6d369000 	C:\WINDOWS\System32\msvcrt.dll
0x00007ffc6db30000 - 0x00007ffc6db61000 	C:\WINDOWS\System32\IMM32.DLL
0x00007ffc65990000 - 0x00007ffc6599c000 	D:\new android\jbr\bin\vcruntime140_1.dll
0x00007ffc25f10000 - 0x00007ffc25f9d000 	D:\new android\jbr\bin\msvcp140.dll
0x00007ffbc77e0000 - 0x00007ffbc8476000 	D:\new android\jbr\bin\server\jvm.dll
0x00007ffc6d110000 - 0x00007ffc6d1c4000 	C:\WINDOWS\System32\ADVAPI32.dll
0x00007ffc6c000000 - 0x00007ffc6c0a6000 	C:\WINDOWS\System32\sechost.dll
0x00007ffc6c0b0000 - 0x00007ffc6c1c8000 	C:\WINDOWS\System32\RPCRT4.dll
0x00007ffc6d1d0000 - 0x00007ffc6d244000 	C:\WINDOWS\System32\WS2_32.dll
0x00007ffc6a780000 - 0x00007ffc6a7de000 	C:\WINDOWS\SYSTEM32\POWRPROF.dll
0x00007ffc551e0000 - 0x00007ffc55215000 	C:\WINDOWS\SYSTEM32\WINMM.dll
0x00007ffc55220000 - 0x00007ffc5522b000 	C:\WINDOWS\SYSTEM32\VERSION.dll
0x00007ffc6a740000 - 0x00007ffc6a754000 	C:\WINDOWS\SYSTEM32\UMPDC.dll
0x00007ffc69530000 - 0x00007ffc6954b000 	C:\WINDOWS\SYSTEM32\kernel.appcore.dll
0x00007ffc56510000 - 0x00007ffc5651a000 	D:\new android\jbr\bin\jimage.dll
0x00007ffc684a0000 - 0x00007ffc686e2000 	C:\WINDOWS\SYSTEM32\DBGHELP.DLL
0x00007ffc6c540000 - 0x00007ffc6c8c6000 	C:\WINDOWS\System32\combase.dll
0x00007ffc6c8d0000 - 0x00007ffc6c9a7000 	C:\WINDOWS\System32\OLEAUT32.dll
0x00007ffc53e00000 - 0x00007ffc53e3b000 	C:\WINDOWS\SYSTEM32\dbgcore.DLL
0x00007ffc6a900000 - 0x00007ffc6a9a5000 	C:\WINDOWS\System32\bcryptPrimitives.dll
0x00007ffc65880000 - 0x00007ffc6588e000 	D:\new android\jbr\bin\instrument.dll
0x00007ffc564b0000 - 0x00007ffc564d0000 	D:\new android\jbr\bin\java.dll
0x00007ffc549a0000 - 0x00007ffc549b8000 	D:\new android\jbr\bin\zip.dll
0x00007ffc6d370000 - 0x00007ffc6dac2000 	C:\WINDOWS\System32\SHELL32.dll
0x00007ffc6ba40000 - 0x00007ffc6bbaa000 	C:\WINDOWS\System32\wintypes.dll
0x00007ffc6b120000 - 0x00007ffc6b983000 	C:\WINDOWS\System32\windows.storage.dll
0x00007ffc6dd10000 - 0x00007ffc6de06000 	C:\WINDOWS\System32\SHCORE.dll
0x00007ffc6cf10000 - 0x00007ffc6cf77000 	C:\WINDOWS\System32\shlwapi.dll
0x00007ffc6a820000 - 0x00007ffc6a849000 	C:\WINDOWS\SYSTEM32\profapi.dll
0x00007ffc54990000 - 0x00007ffc549a0000 	D:\new android\jbr\bin\net.dll
0x00007ffc69550000 - 0x00007ffc69677000 	C:\WINDOWS\SYSTEM32\WINHTTP.dll
0x00007ffc69bb0000 - 0x00007ffc69c1b000 	C:\WINDOWS\system32\mswsock.dll
0x00007ffc52980000 - 0x00007ffc52996000 	D:\new android\jbr\bin\nio.dll
0x00007ffc50fb0000 - 0x00007ffc50fc0000 	D:\new android\jbr\bin\verify.dll
0x00007ffc65890000 - 0x00007ffc658b7000 	C:\Users\K21SW023\.gradle\native\1def1411415f61bf3af743bc5b6707747c0891f09f0c88961ee8f79bc544acac\windows-amd64\native-platform.dll
0x00007ffc30090000 - 0x00007ffc30108000 	C:\Users\K21SW023\.gradle\native\0.2.7\x86_64-windows-gnu\gradle-fileevents.dll
0x00007ffc53650000 - 0x00007ffc53659000 	D:\new android\jbr\bin\management.dll
0x00007ffc528c0000 - 0x00007ffc528cb000 	D:\new android\jbr\bin\management_ext.dll
0x00007ffc6d250000 - 0x00007ffc6d258000 	C:\WINDOWS\System32\PSAPI.DLL
0x00007ffc68cd0000 - 0x00007ffc68d04000 	C:\WINDOWS\SYSTEM32\IPHLPAPI.DLL
0x00007ffc6bf00000 - 0x00007ffc6bf0a000 	C:\WINDOWS\System32\NSI.dll
0x00007ffc548f0000 - 0x00007ffc548f9000 	D:\new android\jbr\bin\extnet.dll
0x00007ffc69fa0000 - 0x00007ffc69fbb000 	C:\WINDOWS\SYSTEM32\CRYPTSP.dll
0x00007ffc69490000 - 0x00007ffc694c9000 	C:\WINDOWS\system32\rsaenh.dll
0x00007ffc69c60000 - 0x00007ffc69c8b000 	C:\WINDOWS\SYSTEM32\USERENV.dll
0x00007ffc6a7f0000 - 0x00007ffc6a81a000 	C:\WINDOWS\SYSTEM32\bcrypt.dll
0x00007ffc69f80000 - 0x00007ffc69f8c000 	C:\WINDOWS\SYSTEM32\CRYPTBASE.dll
0x00007ffbface0000 - 0x00007ffbface8000 	C:\WINDOWS\system32\wshunix.dll

JVMTI agents:
C:\Users\K21SW023\.gradle\wrapper\dists\gradle-8.13-bin\5xuhj0ry160q40clulazy9h7d\gradle-8.13\lib\agents\gradle-instrumentation-agent-8.13.jar path:D:\new android\jbr\bin\instrument.dll, loaded, initialized, instrumentlib options:none

dbghelp: loaded successfully - version: 4.0.5 - missing functions: none
symbol engine: initialized successfully - sym options: 0x614 - pdb path: .;D:\new android\jbr\bin;C:\WINDOWS\SYSTEM32;C:\WINDOWS\WinSxS\amd64_microsoft.windows.common-controls_6595b64144ccf1df_6.0.26100.7824_none_3e0870b2e3345462;D:\new android\jbr\bin\server;C:\Users\K21SW023\.gradle\native\1def1411415f61bf3af743bc5b6707747c0891f09f0c88961ee8f79bc544acac\windows-amd64;C:\Users\K21SW023\.gradle\native\0.2.7\x86_64-windows-gnu

VM Arguments:
jvm_args: --add-opens=java.base/java.lang=ALL-UNNAMED --add-opens=java.base/java.lang.invoke=ALL-UNNAMED --add-opens=java.base/java.util=ALL-UNNAMED --add-opens=java.prefs/java.util.prefs=ALL-UNNAMED --add-exports=jdk.compiler/com.sun.tools.javac.api=ALL-UNNAMED --add-exports=jdk.compiler/com.sun.tools.javac.util=ALL-UNNAMED --add-opens=java.base/java.util=ALL-UNNAMED --add-opens=java.prefs/java.util.prefs=ALL-UNNAMED --add-opens=java.base/java.nio.charset=ALL-UNNAMED --add-opens=java.base/java.net=ALL-UNNAMED --add-opens=java.base/java.util.concurrent.atomic=ALL-UNNAMED --add-opens=java.xml/javax.xml.namespace=ALL-UNNAMED -Xmx2048m -Dfile.encoding=UTF-8 -Duser.country=GB -Duser.language=en -Duser.variant -javaagent:C:\Users\K21SW023\.gradle\wrapper\dists\gradle-8.13-bin\5xuhj0ry160q40clulazy9h7d\gradle-8.13\lib\agents\gradle-instrumentation-agent-8.13.jar 
java_command: org.gradle.launcher.daemon.bootstrap.GradleDaemon 8.13
java_class_path (initial): C:\Users\K21SW023\.gradle\wrapper\dists\gradle-8.13-bin\5xuhj0ry160q40clulazy9h7d\gradle-8.13\lib\gradle-daemon-main-8.13.jar
Launcher Type: SUN_STANDARD

[Global flags]
     intx CICompilerCount                          = 3                                         {product} {ergonomic}
     uint ConcGCThreads                            = 1                                         {product} {ergonomic}
     uint G1ConcRefinementThreads                  = 4                                         {product} {ergonomic}
   size_t G1HeapRegionSize                         = 1048576                                   {product} {ergonomic}
    uintx GCDrainStackTargetSize                   = 64                                        {product} {ergonomic}
   size_t InitialHeapSize                          = 132120576                                 {product} {ergonomic}
   size_t MarkStackSize                            = 4194304                                   {product} {ergonomic}
   size_t MaxHeapSize                              = 2147483648                                {product} {command line}
   size_t MaxNewSize                               = 1287651328                                {product} {ergonomic}
   size_t MinHeapDeltaBytes                        = 1048576                                   {product} {ergonomic}
   size_t MinHeapSize                              = 8388608                                   {product} {ergonomic}
    uintx NonNMethodCodeHeapSize                   = 5832780                                {pd product} {ergonomic}
    uintx NonProfiledCodeHeapSize                  = 122912730                              {pd product} {ergonomic}
    uintx ProfiledCodeHeapSize                     = 122912730                              {pd product} {ergonomic}
    uintx ReservedCodeCacheSize                    = 251658240                              {pd product} {ergonomic}
     bool SegmentedCodeCache                       = true                                      {product} {ergonomic}
   size_t SoftMaxHeapSize                          = 2147483648                             {manageable} {ergonomic}
     bool UseCompressedOops                        = true                           {product lp64_product} {ergonomic}
     bool UseG1GC                                  = true                                      {product} {ergonomic}
     bool UseLargePagesIndividualAllocation        = false                                  {pd product} {ergonomic}

Logging:
Log output configuration:
 #0: stdout all=warning uptime,level,tags foldmultilines=false
 #1: stderr all=off uptime,level,tags foldmultilines=false

Environment Variables:
PATH=C:\WINDOWS\system32;C:\WINDOWS;C:\WINDOWS\System32\Wbem;C:\WINDOWS\System32\WindowsPowerShell\v1.0\;C:\WINDOWS\System32\OpenSSH\;D:\GIT File\Git\cmd;C:\Users\K21SW023\AppData\Local\Microsoft\WindowsApps;C:\Users\K21SW023\AppData\Local\gitkraken\bin;C:\Users\K21SW023\AppData\Local\Programs\Antigravity\bin;C:\Users\K21SW023\AppData\Local\Programs\mongosh\
USERNAME=K21SW023
OS=Windows_NT
PROCESSOR_IDENTIFIER=Intel64 Family 6 Model 78 Stepping 3, GenuineIntel
TMP=C:\Users\K21SW023\AppData\Local\Temp
TEMP=C:\Users\K21SW023\AppData\Local\Temp




Periodic native trim disabled

JNI global refs:
JNI global refs: 27, weak refs: 1

JNI global refs memory usage: 835, weak refs: 833

Process memory usage:
Resident Set Size: 322372K (3% of 8246496K total physical memory with 621416K free physical memory)

OOME stack traces (most recent first):
Classloader memory used:
Loader org.gradle.internal.classloader.VisitableURLClassLoader                         : 41346K
Loader bootstrap                                                                       : 23451K
Loader org.gradle.initialization.MixInLegacyTypesClassLoader                           : 7453K
Loader org.gradle.internal.classloader.VisitableURLClassLoader                         : 864K
Loader org.gradle.internal.classloader.VisitableURLClassLoader$InstrumentingVisitableURLClassLoader: 639K
Loader jdk.internal.loader.ClassLoaders$PlatformClassLoader                            : 519K
Loader jdk.internal.loader.ClassLoaders$AppClassLoader                                 : 235K
Loader jdk.internal.reflect.DelegatingClassLoader                                      : 185K
Loader org.gradle.groovy.scripts.internal.DefaultScriptCompilationHandler$ScriptClassLoader: 90000B
Loader org.codehaus.groovy.runtime.callsite.CallSiteClassLoader                        : 49032B
Loader groovy.lang.GroovyClassLoader$InnerLoader                                       : 47584B

Classes loaded by more than one classloader:
Class org.gradle.api.GradleException                                                  : loaded 3 times (x 82B)
Class org.gradle.internal.classloader.FilteringClassLoader                            : loaded 2 times (x 105B)
Class org.gradle.internal.classloader.ClassLoaderHierarchy                            : loaded 2 times (x 70B)
Class org.gradle.api.internal.classpath.ManifestUtil                                  : loaded 2 times (x 71B)
Class org.jetbrains.plugins.gradle.model.GradleExtensions                             : loaded 2 times (x 70B)
Class org.jetbrains.plugins.gradle.model.AnnotationProcessingModel                    : loaded 2 times (x 70B)
Class org.gradle.internal.operations.MultipleBuildOperationFailures                   : loaded 2 times (x 95B)
Class org.gradle.internal.classloader.DefaultClassLoaderFactory                       : loaded 2 times (x 82B)
Class kotlin.collections.AbstractList$Companion                                       : loaded 2 times (x 71B)
Class org.gradle.internal.classloader.ClassLoaderVisitor                              : loaded 2 times (x 76B)
Class org.gradle.api.internal.classpath.EffectiveClassPath                            : loaded 2 times (x 90B)
Class org.gradle.tooling.internal.gradle.DefaultProjectIdentifier                     : loaded 2 times (x 86B)
Class org.gradle.api.internal.DefaultClassPathProvider                                : loaded 2 times (x 76B)
Class [Lorg.gradle.api.internal.ClassPathProvider;                                    : loaded 2 times (x 69B)
Class org.gradle.api.internal.ClassPathProvider                                       : loaded 2 times (x 70B)
Class org.gradle.internal.service.UnknownServiceException                             : loaded 2 times (x 83B)
Class org.jetbrains.kotlin.idea.gradleTooling.KotlinDslScriptAdditionalTask           : loaded 2 times (x 70B)
Class org.gradle.internal.classpath.TransformedClassPath                              : loaded 2 times (x 96B)
Class org.gradle.internal.classloader.InstrumentingClassLoader                        : loaded 2 times (x 70B)
Class kotlin.enums.EnumEntriesList                                                    : loaded 2 times (x 223B)
Class org.jetbrains.kotlin.idea.gradleTooling.KotlinSourceSetContainer                : loaded 2 times (x 70B)
Class org.jetbrains.plugins.gradle.model.IntelliJSettings                             : loaded 2 times (x 70B)
Class org.gradle.internal.service.ServiceLocator                                      : loaded 2 times (x 70B)
Class org.gradle.tooling.model.UnsupportedMethodException                             : loaded 2 times (x 82B)
Class com.intellij.compose.ide.plugin.gradleTooling.rt.ComposeResourcesModel          : loaded 2 times (x 70B)
Class org.gradle.internal.InternalTransformer                                         : loaded 2 times (x 70B)
Class org.gradle.internal.time.DefaultTimer                                           : loaded 2 times (x 80B)
Class org.gradle.internal.classloader.ClasspathUtil$1                                 : loaded 2 times (x 76B)
Class org.gradle.api.internal.classpath.DefaultModuleRegistry$DefaultModule           : loaded 2 times (x 86B)
Class org.gradle.internal.time.DefaultCountdownTimer                                  : loaded 2 times (x 88B)
Class org.gradle.tooling.internal.gradle.DefaultBuildIdentifier                       : loaded 2 times (x 79B)
Class kotlin.Function                                                                 : loaded 2 times (x 70B)
Class org.gradle.api.internal.classpath.Module                                        : loaded 2 times (x 70B)
Class org.gradle.api.internal.classpath.UnknownModuleException                        : loaded 2 times (x 82B)
Class com.intellij.openapi.externalSystem.model.project.dependencies.ProjectDependencies: loaded 2 times (x 70B)
Class org.gradle.tooling.internal.gradle.GradleProjectIdentity                        : loaded 2 times (x 70B)
Class org.gradle.api.internal.DefaultClassPathRegistry                                : loaded 2 times (x 76B)
Class org.gradle.api.internal.ClassPathRegistry                                       : loaded 2 times (x 70B)
Class org.gradle.internal.classpath.DefaultClassPath$ImmutableUniqueList              : loaded 2 times (x 199B)
Class Settings_gradle$1                                                               : loaded 2 times (x 74B)
Class Program                                                                         : loaded 2 times (x 72B)
Class org.gradle.internal.classpath.ClassPath                                         : loaded 2 times (x 70B)
Class org.gradle.api.UncheckedIOException                                             : loaded 2 times (x 82B)
Class org.jetbrains.kotlin.idea.gradleTooling.KotlinGradleModel                       : loaded 2 times (x 70B)
Class org.gradle.tooling.model.Model                                                  : loaded 2 times (x 70B)
Class kotlin.UninitializedPropertyAccessException                                     : loaded 2 times (x 82B)
Class org.jetbrains.plugins.gradle.model.IntelliJProjectSettings                      : loaded 2 times (x 70B)
Class org.gradle.internal.installation.GradleInstallation$1                           : loaded 2 times (x 75B)
Class org.gradle.api.internal.classpath.ModuleRegistry                                : loaded 2 times (x 70B)
Class org.jetbrains.plugins.gradle.model.VersionCatalogsModel                         : loaded 2 times (x 70B)
Class ijInit1_1cwd9rg7fn9va4ae5izhhulpa                                               : loaded 2 times (x 179B)
Class org.gradle.api.internal.classpath.DefaultModuleRegistry                         : loaded 2 times (x 86B)
Class org.gradle.internal.time.MonotonicClock                                         : loaded 2 times (x 77B)
Class org.gradle.internal.service.ServiceLookupException                              : loaded 2 times (x 82B)
Class org.gradle.internal.classloader.ClassLoaderFactory                              : loaded 2 times (x 70B)
Class org.gradle.internal.service.CachingServiceLocator                               : loaded 2 times (x 82B)
Class org.jetbrains.plugins.gradle.model.RepositoryModels                             : loaded 2 times (x 70B)
Class org.gradle.internal.time.TimeSource                                             : loaded 2 times (x 70B)
Class org.gradle.tooling.internal.gradle.GradleBuildIdentity                          : loaded 2 times (x 70B)
Class kotlin.enums.EnumEntries                                                        : loaded 2 times (x 70B)
Class org.gradle.internal.exceptions.ResolutionProvider                               : loaded 2 times (x 70B)
Class org.gradle.tooling.model.ProjectIdentifier                                      : loaded 2 times (x 70B)
Class org.gradle.internal.classloader.ClasspathUtil                                   : loaded 2 times (x 71B)
Class org.gradle.internal.time.TimeSource$1                                           : loaded 2 times (x 77B)
Class kotlin.jvm.internal.DefaultConstructorMarker                                    : loaded 2 times (x 71B)
Class org.gradle.api.specs.Spec                                                       : loaded 2 times (x 70B)
Class org.gradle.internal.time.Clock                                                  : loaded 2 times (x 70B)
Class kotlin.collections.AbstractList                                                 : loaded 2 times (x 197B)
Class kotlin.collections.AbstractCollection                                           : loaded 2 times (x 117B)
Class org.gradle.internal.classloader.VisitableURLClassLoader$InstrumentingVisitableURLClassLoader: loaded 2 times (x 123B)
Class org.gradle.internal.classloader.VisitableURLClassLoader$Spec                    : loaded 2 times (x 74B)
Class org.gradle.internal.classpath.DefaultClassPath                                  : loaded 2 times (x 90B)
Class org.gradle.internal.classloader.ClassLoaderSpec                                 : loaded 2 times (x 71B)
Class Settings_gradle$1$1                                                             : loaded 2 times (x 74B)
Class kotlin.Unit                                                                     : loaded 2 times (x 71B)
Class org.gradle.internal.classloader.VisitableURLClassLoader                         : loaded 2 times (x 117B)
Class Settings_gradle                                                                 : loaded 2 times (x 128B)
Class org.gradle.internal.Cast                                                        : loaded 2 times (x 71B)
Class org.gradle.api.Action                                                           : loaded 2 times (x 70B)
Class kotlin.jvm.functions.Function1                                                  : loaded 2 times (x 70B)
Class org.gradle.internal.classpath.DefaultClassPath$ImmutableUniqueList$Builder      : loaded 2 times (x 75B)
Class kotlin.NotImplementedError                                                      : loaded 2 times (x 82B)
Class org.gradle.internal.exceptions.NonGradleCauseExceptionsHolder                   : loaded 2 times (x 70B)
Class org.jetbrains.plugins.gradle.tooling.ModelBuilderService$Parameter              : loaded 2 times (x 70B)
Class kotlin.enums.EnumEntriesKt                                                      : loaded 2 times (x 71B)
Class org.gradle.internal.IoActions                                                   : loaded 2 times (x 71B)
Class org.gradle.internal.classloader.SystemClassLoaderSpec                           : loaded 2 times (x 71B)
Class org.gradle.internal.exceptions.MultiCauseException                              : loaded 2 times (x 70B)
Class org.gradle.internal.time.CountdownTimer                                         : loaded 2 times (x 70B)
Class kotlin.jvm.internal.Intrinsics                                                  : loaded 2 times (x 71B)
Class org.gradle.tooling.model.ProjectModel                                           : loaded 2 times (x 70B)
Class kotlin.KotlinNullPointerException                                               : loaded 2 times (x 83B)
Class org.jetbrains.plugins.gradle.model.tests.ExternalTestsModel                     : loaded 2 times (x 70B)
Class org.gradle.internal.exceptions.DefaultMultiCauseException                       : loaded 2 times (x 95B)
Class org.gradle.internal.time.Time                                                   : loaded 2 times (x 71B)
Class JetGradlePlugin                                                                 : loaded 2 times (x 96B)
Class sync_studio_tooling_9wls4giecj7r4wuu1s1cyf9h2                                   : loaded 2 times (x 179B)
Class org.jetbrains.plugins.gradle.model.DependencyAccessorsModel                     : loaded 2 times (x 70B)
Class org.gradle.api.internal.classpath.GlobalCacheRootsProvider                      : loaded 2 times (x 70B)
Class org.jetbrains.kotlin.idea.gradleTooling.KotlinMPPGradleModel                    : loaded 2 times (x 70B)
Class org.gradle.tooling.model.BuildIdentifier                                        : loaded 2 times (x 70B)
Class org.jetbrains.kotlin.idea.gradleTooling.PrepareKotlinIdeImportTaskModel         : loaded 2 times (x 70B)
Class org.gradle.internal.time.Timer                                                  : loaded 2 times (x 70B)
Class kotlin.jvm.internal.markers.KMappedMarker                                       : loaded 2 times (x 70B)
Class org.gradle.internal.installation.CurrentGradleInstallationLocator               : loaded 2 times (x 71B)
Class org.gradle.internal.service.DefaultServiceLocator                               : loaded 2 times (x 83B)
Class org.gradle.util.GradleVersion                                                   : loaded 2 times (x 79B)
Class org.gradle.internal.installation.CurrentGradleInstallation                      : loaded 2 times (x 73B)
Class org.jetbrains.plugins.gradle.javaModel.JavaGradleManifestModel                  : loaded 2 times (x 70B)
Class org.gradle.util.internal.GUtil                                                  : loaded 2 times (x 71B)
Class org.gradle.internal.installation.GradleInstallation                             : loaded 2 times (x 75B)

---------------  S Y S T E M  ---------------

OS:
 Windows 11 , 64 bit Build 26100 (10.0.26100.7705)
OS uptime: 6 days 21:28 hours
Hyper-V role detected

CPU: total 4 (initial active 4) (2 cores per cpu, 2 threads per core) family 6 model 78 stepping 3 microcode 0xec, cx8, cmov, fxsr, ht, mmx, 3dnowpref, sse, sse2, sse3, ssse3, sse4.1, sse4.2, popcnt, lzcnt, tsc, tscinvbit, avx, avx2, aes, erms, clmul, bmi1, bmi2, rtm, adx, fma, vzeroupper, clflush, clflushopt, hv, rdtscp, f16c
Processor Information for processor 0
  Max Mhz: 2496, Current Mhz: 1497, Mhz Limit: 2396
Processor Information for processor 1
  Max Mhz: 2496, Current Mhz: 1497, Mhz Limit: 2396
Processor Information for processor 2
  Max Mhz: 2496, Current Mhz: 1497, Mhz Limit: 2396
Processor Information for processor 3
  Max Mhz: 2496, Current Mhz: 2396, Mhz Limit: 2396

Memory: 4k page, system-wide physical 8053M (595M free)
TotalPageFile size 18156M (AvailPageFile size 0M)
current process WorkingSet (physical memory assigned to process): 317M, peak: 325M
current process commit charge ("private bytes"): 371M, peak: 387M

vm_info: OpenJDK 64-Bit Server VM (21.0.8+-14018985-b1038.68) for windows-amd64 JRE (21.0.8+-14018985-b1038.68), built on 2025-08-29T19:56:34Z by "builder" with MS VC++ 16.10 / 16.11 (VS2019)

END.
